running develop
running egg_info
creating my_serial_py.egg-info
writing my_serial_py.egg-info/PKG-INFO
writing dependency_links to my_serial_py.egg-info/dependency_links.txt
writing entry points to my_serial_py.egg-info/entry_points.txt
writing requirements to my_serial_py.egg-info/requires.txt
writing top-level names to my_serial_py.egg-info/top_level.txt
writing manifest file 'my_serial_py.egg-info/SOURCES.txt'
reading manifest file 'my_serial_py.egg-info/SOURCES.txt'
writing manifest file 'my_serial_py.egg-info/SOURCES.txt'
running build_ext
Creating /home/asus/nav_2027/rm_nav_v2/install/my_serial_py/lib/python3.12/site-packages/my-serial-py.egg-link (link to .)
Installing serial_node script to /home/asus/nav_2027/rm_nav_v2/install/my_serial_py/lib/my_serial_py

Installed /home/asus/nav_2027/rm_nav_v2/build/my_serial_py
running symlink_data
creating /home/asus/nav_2027/rm_nav_v2/install/my_serial_py/share/ament_index
creating /home/asus/nav_2027/rm_nav_v2/install/my_serial_py/share/ament_index/resource_index
creating /home/asus/nav_2027/rm_nav_v2/install/my_serial_py/share/ament_index/resource_index/packages
symbolically linking /home/asus/nav_2027/rm_nav_v2/build/my_serial_py/resource/my_serial_py -> /home/asus/nav_2027/rm_nav_v2/install/my_serial_py/share/ament_index/resource_index/packages
symbolically linking /home/asus/nav_2027/rm_nav_v2/build/my_serial_py/package.xml -> /home/asus/nav_2027/rm_nav_v2/install/my_serial_py/share/my_serial_py
creating /home/asus/nav_2027/rm_nav_v2/install/my_serial_py/share/my_serial_py/launch
symbolically linking /home/asus/nav_2027/rm_nav_v2/build/my_serial_py/launch/serial.launch.py -> /home/asus/nav_2027/rm_nav_v2/install/my_serial_py/share/my_serial_py/launch
