[0.618s] Invoking command in '/home/asus/nav_2027/rm_nav_v2/build/my_serial_py': AMENT_PREFIX_PATH=/home/asus/nav_2027/rm_nav_v2/install/pb_rm_interfaces:${AMENT_PREFIX_PATH} CMAKE_PREFIX_PATH=/home/asus/nav_2027/rm_nav_v2/install/pb_rm_interfaces:${CMAKE_PREFIX_PATH} LD_LIBRARY_PATH=/home/asus/nav_2027/rm_nav_v2/install/pb_rm_interfaces/lib:${LD_LIBRARY_PATH} PYTHONPATH=/home/asus/nav_2027/rm_nav_v2/build/my_serial_py/prefix_override:/usr/lib/python3/dist-packages/colcon_core/task/python/colcon_distutils_commands:/home/asus/nav_2027/rm_nav_v2/install/my_serial_py/lib/python3.12/site-packages:/home/asus/nav_2027/rm_nav_v2/install/pb_rm_interfaces/lib/python3.12/site-packages:${PYTHONPATH} /usr/bin/python3 -W ignore:setup.py install is deprecated -W ignore:easy_install command is deprecated setup.py develop --editable --build-directory /home/asus/nav_2027/rm_nav_v2/build/my_serial_py/build --no-deps symlink_data
[0.762s] running develop
[0.838s] running egg_info
[0.838s] creating my_serial_py.egg-info
[0.845s] writing my_serial_py.egg-info/PKG-INFO
[0.845s] writing dependency_links to my_serial_py.egg-info/dependency_links.txt
[0.846s] writing entry points to my_serial_py.egg-info/entry_points.txt
[0.846s] writing requirements to my_serial_py.egg-info/requires.txt
[0.846s] writing top-level names to my_serial_py.egg-info/top_level.txt
[0.846s] writing manifest file 'my_serial_py.egg-info/SOURCES.txt'
[0.861s] reading manifest file 'my_serial_py.egg-info/SOURCES.txt'
[0.861s] writing manifest file 'my_serial_py.egg-info/SOURCES.txt'
[0.869s] running build_ext
[0.869s] Creating /home/asus/nav_2027/rm_nav_v2/install/my_serial_py/lib/python3.12/site-packages/my-serial-py.egg-link (link to .)
[0.870s] Installing serial_node script to /home/asus/nav_2027/rm_nav_v2/install/my_serial_py/lib/my_serial_py
[0.870s] 
[0.870s] Installed /home/asus/nav_2027/rm_nav_v2/build/my_serial_py
[0.870s] running symlink_data
[0.870s] creating /home/asus/nav_2027/rm_nav_v2/install/my_serial_py/share/ament_index
[0.870s] creating /home/asus/nav_2027/rm_nav_v2/install/my_serial_py/share/ament_index/resource_index
[0.870s] creating /home/asus/nav_2027/rm_nav_v2/install/my_serial_py/share/ament_index/resource_index/packages
[0.870s] symbolically linking /home/asus/nav_2027/rm_nav_v2/build/my_serial_py/resource/my_serial_py -> /home/asus/nav_2027/rm_nav_v2/install/my_serial_py/share/ament_index/resource_index/packages
[0.870s] symbolically linking /home/asus/nav_2027/rm_nav_v2/build/my_serial_py/package.xml -> /home/asus/nav_2027/rm_nav_v2/install/my_serial_py/share/my_serial_py
[0.870s] creating /home/asus/nav_2027/rm_nav_v2/install/my_serial_py/share/my_serial_py/launch
[0.870s] symbolically linking /home/asus/nav_2027/rm_nav_v2/build/my_serial_py/launch/serial.launch.py -> /home/asus/nav_2027/rm_nav_v2/install/my_serial_py/share/my_serial_py/launch
[0.886s] Invoked command in '/home/asus/nav_2027/rm_nav_v2/build/my_serial_py' returned '0': AMENT_PREFIX_PATH=/home/asus/nav_2027/rm_nav_v2/install/pb_rm_interfaces:${AMENT_PREFIX_PATH} CMAKE_PREFIX_PATH=/home/asus/nav_2027/rm_nav_v2/install/pb_rm_interfaces:${CMAKE_PREFIX_PATH} LD_LIBRARY_PATH=/home/asus/nav_2027/rm_nav_v2/install/pb_rm_interfaces/lib:${LD_LIBRARY_PATH} PYTHONPATH=/home/asus/nav_2027/rm_nav_v2/build/my_serial_py/prefix_override:/usr/lib/python3/dist-packages/colcon_core/task/python/colcon_distutils_commands:/home/asus/nav_2027/rm_nav_v2/install/my_serial_py/lib/python3.12/site-packages:/home/asus/nav_2027/rm_nav_v2/install/pb_rm_interfaces/lib/python3.12/site-packages:${PYTHONPATH} /usr/bin/python3 -W ignore:setup.py install is deprecated -W ignore:easy_install command is deprecated setup.py develop --editable --build-directory /home/asus/nav_2027/rm_nav_v2/build/my_serial_py/build --no-deps symlink_data
