-- The C compiler identification is GNU 13.3.0
-- The CXX compiler identification is GNU 13.3.0
-- Detecting C compiler ABI info
-- Detecting C compiler ABI info - done
-- Check for working C compiler: /usr/bin/cc - skipped
-- Detecting C compile features
-- Detecting C compile features - done
-- Detecting CXX compiler ABI info
-- Detecting CXX compiler ABI info - done
-- Check for working CXX compiler: /usr/bin/c++ - skipped
-- Detecting CXX compile features
-- Detecting CXX compile features - done
-- Found ament_cmake: 2.5.6 (/opt/ros/jazzy/share/ament_cmake/cmake)
-- Found Python3: /usr/bin/python3 (found version "3.12.3") found components: Interpreter 
-- Override CMake install command with custom implementation using symlinks instead of copying resources
-- Found rosidl_default_generators: 1.6.1 (/opt/ros/jazzy/share/rosidl_default_generators/cmake)
-- Using all available rosidl_typesupport_c: rosidl_typesupport_fastrtps_c;rosidl_typesupport_introspection_c
-- Using all available rosidl_typesupport_cpp: rosidl_typesupport_fastrtps_cpp;rosidl_typesupport_introspection_cpp
-- Found rosidl_adapter: 4.6.9 (/opt/ros/jazzy/share/rosidl_adapter/cmake)
-- Found geometry_msgs: 5.3.8 (/opt/ros/jazzy/share/geometry_msgs/cmake)
-- Found ament_cmake_ros: 0.12.1 (/opt/ros/jazzy/share/ament_cmake_ros/cmake)
-- Using all available rosidl_typesupport_c: rosidl_typesupport_fastrtps_c;rosidl_typesupport_introspection_c
-- Using all available rosidl_typesupport_cpp: rosidl_typesupport_fastrtps_cpp;rosidl_typesupport_introspection_cpp
-- Found python_cmake_module: 0.11.1 (/opt/ros/jazzy/share/python_cmake_module/cmake)
-- Found PythonExtra: /usr/bin/python3  
-- Found Python3: /usr/bin/python3 (found version "3.12.3") found components: Interpreter Development NumPy Development.Module Development.Embed 
-- Found Python3: /usr/bin/python3 (found version "3.12.3") found components: Interpreter 
-- Configuring done (2.3s)
-- Generating done (0.0s)
-- Build files have been written to: /home/asus/nav_2027/rm_nav_v2/build/pb_rm_interfaces
[  1%] Generating type hashes for ROS interfaces
[  2%] Generating Rust code for ROS interfaces
[  2%] Built target ament_cmake_python_symlink_pb_rm_interfaces
running egg_info
creating pb_rm_interfaces.egg-info
writing pb_rm_interfaces.egg-info/PKG-INFO
writing dependency_links to pb_rm_interfaces.egg-info/dependency_links.txt
writing top-level names to pb_rm_interfaces.egg-info/top_level.txt
writing manifest file 'pb_rm_interfaces.egg-info/SOURCES.txt'
reading manifest file 'pb_rm_interfaces.egg-info/SOURCES.txt'
writing manifest file 'pb_rm_interfaces.egg-info/SOURCES.txt'
[  2%] Built target ament_cmake_python_build_pb_rm_interfaces_egg
[  2%] Built target pb_rm_interfaces__rosidl_generator_type_description
[  3%] Generating C code for ROS interfaces
[  3%] Generating C++ code for ROS interfaces
[  3%] Built target pb_rm_interfaces__rs
[  3%] Built target pb_rm_interfaces__cpp
[  6%] Building C object CMakeFiles/pb_rm_interfaces__rosidl_generator_c.dir/rosidl_generator_c/pb_rm_interfaces/msg/detail/game_status__functions.c.o
[  6%] Building C object CMakeFiles/pb_rm_interfaces__rosidl_generator_c.dir/rosidl_generator_c/pb_rm_interfaces/msg/detail/event_data__description.c.o
[  6%] Building C object CMakeFiles/pb_rm_interfaces__rosidl_generator_c.dir/rosidl_generator_c/pb_rm_interfaces/msg/detail/buff__description.c.o
[  6%] Building C object CMakeFiles/pb_rm_interfaces__rosidl_generator_c.dir/rosidl_generator_c/pb_rm_interfaces/msg/detail/buff__functions.c.o
[  7%] Building C object CMakeFiles/pb_rm_interfaces__rosidl_generator_c.dir/rosidl_generator_c/pb_rm_interfaces/msg/detail/buff__type_support.c.o
[  8%] Building C object CMakeFiles/pb_rm_interfaces__rosidl_generator_c.dir/rosidl_generator_c/pb_rm_interfaces/msg/detail/game_robot_hp__functions.c.o
[  8%] Building C object CMakeFiles/pb_rm_interfaces__rosidl_generator_c.dir/rosidl_generator_c/pb_rm_interfaces/msg/detail/event_data__functions.c.o
[  8%] Building C object CMakeFiles/pb_rm_interfaces__rosidl_generator_c.dir/rosidl_generator_c/pb_rm_interfaces/msg/detail/game_robot_hp__type_support.c.o
[  9%] Building C object CMakeFiles/pb_rm_interfaces__rosidl_generator_c.dir/rosidl_generator_c/pb_rm_interfaces/msg/detail/game_status__description.c.o
[ 10%] Building C object CMakeFiles/pb_rm_interfaces__rosidl_generator_c.dir/rosidl_generator_c/pb_rm_interfaces/msg/detail/event_data__type_support.c.o
[ 11%] Building C object CMakeFiles/pb_rm_interfaces__rosidl_generator_c.dir/rosidl_generator_c/pb_rm_interfaces/msg/detail/ground_robot_position__functions.c.o
[ 11%] Building C object CMakeFiles/pb_rm_interfaces__rosidl_generator_c.dir/rosidl_generator_c/pb_rm_interfaces/msg/detail/ground_robot_position__description.c.o
[ 12%] Building C object CMakeFiles/pb_rm_interfaces__rosidl_generator_c.dir/rosidl_generator_c/pb_rm_interfaces/msg/detail/game_status__type_support.c.o
[ 13%] Building C object CMakeFiles/pb_rm_interfaces__rosidl_generator_c.dir/rosidl_generator_c/pb_rm_interfaces/msg/detail/game_robot_hp__description.c.o
[ 15%] Building C object CMakeFiles/pb_rm_interfaces__rosidl_generator_c.dir/rosidl_generator_c/pb_rm_interfaces/msg/detail/rfid_status__description.c.o
[ 14%] Building C object CMakeFiles/pb_rm_interfaces__rosidl_generator_c.dir/rosidl_generator_c/pb_rm_interfaces/msg/detail/rfid_status__functions.c.o
[ 15%] Building C object CMakeFiles/pb_rm_interfaces__rosidl_generator_c.dir/rosidl_generator_c/pb_rm_interfaces/msg/detail/ground_robot_position__type_support.c.o
[ 17%] Building C object CMakeFiles/pb_rm_interfaces__rosidl_generator_c.dir/rosidl_generator_c/pb_rm_interfaces/msg/detail/robot_status__functions.c.o
[ 17%] Building C object CMakeFiles/pb_rm_interfaces__rosidl_generator_c.dir/rosidl_generator_c/pb_rm_interfaces/msg/detail/rfid_status__type_support.c.o
[ 18%] Building C object CMakeFiles/pb_rm_interfaces__rosidl_generator_c.dir/rosidl_generator_c/pb_rm_interfaces/msg/detail/robot_status__description.c.o
[ 18%] Building C object CMakeFiles/pb_rm_interfaces__rosidl_generator_c.dir/rosidl_generator_c/pb_rm_interfaces/msg/detail/robot_status__type_support.c.o
[ 19%] Building C object CMakeFiles/pb_rm_interfaces__rosidl_generator_c.dir/rosidl_generator_c/pb_rm_interfaces/msg/detail/gimbal__functions.c.o
[ 20%] Building C object CMakeFiles/pb_rm_interfaces__rosidl_generator_c.dir/rosidl_generator_c/pb_rm_interfaces/msg/detail/gimbal__description.c.o
[ 22%] Building C object CMakeFiles/pb_rm_interfaces__rosidl_generator_c.dir/rosidl_generator_c/pb_rm_interfaces/msg/detail/gimbal_cmd__description.c.o
[ 22%] Building C object CMakeFiles/pb_rm_interfaces__rosidl_generator_c.dir/rosidl_generator_c/pb_rm_interfaces/msg/detail/gimbal_cmd__functions.c.o
[ 22%] Building C object CMakeFiles/pb_rm_interfaces__rosidl_generator_c.dir/rosidl_generator_c/pb_rm_interfaces/msg/detail/gimbal__type_support.c.o
[ 23%] Building C object CMakeFiles/pb_rm_interfaces__rosidl_generator_c.dir/rosidl_generator_c/pb_rm_interfaces/msg/detail/gimbal_cmd__type_support.c.o
[ 24%] Building C object CMakeFiles/pb_rm_interfaces__rosidl_generator_c.dir/rosidl_generator_c/pb_rm_interfaces/msg/detail/models__functions.c.o
[ 25%] Building C object CMakeFiles/pb_rm_interfaces__rosidl_generator_c.dir/rosidl_generator_c/pb_rm_interfaces/msg/detail/models__type_support.c.o
[ 26%] Building C object CMakeFiles/pb_rm_interfaces__rosidl_generator_c.dir/rosidl_generator_c/pb_rm_interfaces/msg/detail/robot_state_info__description.c.o
[ 27%] Building C object CMakeFiles/pb_rm_interfaces__rosidl_generator_c.dir/rosidl_generator_c/pb_rm_interfaces/msg/detail/robot_state_info__functions.c.o
[ 27%] Building C object CMakeFiles/pb_rm_interfaces__rosidl_generator_c.dir/rosidl_generator_c/pb_rm_interfaces/msg/detail/robot_state_info__type_support.c.o
[ 27%] Building C object CMakeFiles/pb_rm_interfaces__rosidl_generator_c.dir/rosidl_generator_c/pb_rm_interfaces/msg/detail/models__description.c.o
[ 28%] Linking C shared library libpb_rm_interfaces__rosidl_generator_c.so
[ 28%] Built target pb_rm_interfaces__rosidl_generator_c
[ 29%] Generating C type support dispatch for ROS interfaces
[ 31%] Generating C introspection for ROS interfaces
[ 31%] Generating C type support for eProsima Fast-RTPS
[ 32%] Generating C++ type support dispatch for ROS interfaces
[ 32%] Generating C++ introspection for ROS interfaces
[ 32%] Generating C++ type support for eProsima Fast-RTPS
[ 36%] Building CXX object CMakeFiles/pb_rm_interfaces__rosidl_typesupport_c.dir/rosidl_typesupport_c/pb_rm_interfaces/msg/ground_robot_position__type_support.cpp.o
[ 36%] Building CXX object CMakeFiles/pb_rm_interfaces__rosidl_typesupport_c.dir/rosidl_typesupport_c/pb_rm_interfaces/msg/rfid_status__type_support.cpp.o
[ 36%] Building CXX object CMakeFiles/pb_rm_interfaces__rosidl_typesupport_c.dir/rosidl_typesupport_c/pb_rm_interfaces/msg/buff__type_support.cpp.o
[ 36%] Building CXX object CMakeFiles/pb_rm_interfaces__rosidl_typesupport_c.dir/rosidl_typesupport_c/pb_rm_interfaces/msg/event_data__type_support.cpp.o
[ 37%] Building CXX object CMakeFiles/pb_rm_interfaces__rosidl_typesupport_c.dir/rosidl_typesupport_c/pb_rm_interfaces/msg/gimbal__type_support.cpp.o
[ 37%] Building CXX object CMakeFiles/pb_rm_interfaces__rosidl_typesupport_c.dir/rosidl_typesupport_c/pb_rm_interfaces/msg/robot_status__type_support.cpp.o
[ 38%] Building CXX object CMakeFiles/pb_rm_interfaces__rosidl_typesupport_c.dir/rosidl_typesupport_c/pb_rm_interfaces/msg/game_robot_hp__type_support.cpp.o
[ 39%] Building CXX object CMakeFiles/pb_rm_interfaces__rosidl_typesupport_c.dir/rosidl_typesupport_c/pb_rm_interfaces/msg/gimbal_cmd__type_support.cpp.o
[ 39%] Building CXX object CMakeFiles/pb_rm_interfaces__rosidl_typesupport_c.dir/rosidl_typesupport_c/pb_rm_interfaces/msg/game_status__type_support.cpp.o
[ 40%] Building CXX object CMakeFiles/pb_rm_interfaces__rosidl_typesupport_c.dir/rosidl_typesupport_c/pb_rm_interfaces/msg/robot_state_info__type_support.cpp.o
[ 40%] Building CXX object CMakeFiles/pb_rm_interfaces__rosidl_typesupport_c.dir/rosidl_typesupport_c/pb_rm_interfaces/msg/models__type_support.cpp.o
[ 41%] Linking CXX shared library libpb_rm_interfaces__rosidl_typesupport_c.so
[ 42%] Building C object CMakeFiles/pb_rm_interfaces__rosidl_typesupport_introspection_c.dir/rosidl_typesupport_introspection_c/pb_rm_interfaces/msg/detail/buff__type_support.c.o
[ 43%] Building C object CMakeFiles/pb_rm_interfaces__rosidl_typesupport_introspection_c.dir/rosidl_typesupport_introspection_c/pb_rm_interfaces/msg/detail/game_robot_hp__type_support.c.o
[ 44%] Building C object CMakeFiles/pb_rm_interfaces__rosidl_typesupport_introspection_c.dir/rosidl_typesupport_introspection_c/pb_rm_interfaces/msg/detail/gimbal_cmd__type_support.c.o
[ 44%] Building C object CMakeFiles/pb_rm_interfaces__rosidl_typesupport_introspection_c.dir/rosidl_typesupport_introspection_c/pb_rm_interfaces/msg/detail/robot_status__type_support.c.o
[ 45%] Building C object CMakeFiles/pb_rm_interfaces__rosidl_typesupport_introspection_c.dir/rosidl_typesupport_introspection_c/pb_rm_interfaces/msg/detail/game_status__type_support.c.o
[ 46%] Building C object CMakeFiles/pb_rm_interfaces__rosidl_typesupport_introspection_c.dir/rosidl_typesupport_introspection_c/pb_rm_interfaces/msg/detail/gimbal__type_support.c.o
[ 46%] Building C object CMakeFiles/pb_rm_interfaces__rosidl_typesupport_introspection_c.dir/rosidl_typesupport_introspection_c/pb_rm_interfaces/msg/detail/event_data__type_support.c.o
[ 47%] Building C object CMakeFiles/pb_rm_interfaces__rosidl_typesupport_introspection_c.dir/rosidl_typesupport_introspection_c/pb_rm_interfaces/msg/detail/ground_robot_position__type_support.c.o
[ 47%] Building C object CMakeFiles/pb_rm_interfaces__rosidl_typesupport_introspection_c.dir/rosidl_typesupport_introspection_c/pb_rm_interfaces/msg/detail/rfid_status__type_support.c.o
[ 49%] Building C object CMakeFiles/pb_rm_interfaces__rosidl_typesupport_introspection_c.dir/rosidl_typesupport_introspection_c/pb_rm_interfaces/msg/detail/robot_state_info__type_support.c.o
[ 49%] Building C object CMakeFiles/pb_rm_interfaces__rosidl_typesupport_introspection_c.dir/rosidl_typesupport_introspection_c/pb_rm_interfaces/msg/detail/models__type_support.c.o
[ 49%] Built target pb_rm_interfaces__rosidl_typesupport_c
[ 50%] Building CXX object CMakeFiles/pb_rm_interfaces__rosidl_typesupport_cpp.dir/rosidl_typesupport_cpp/pb_rm_interfaces/msg/buff__type_support.cpp.o
[ 50%] Building CXX object CMakeFiles/pb_rm_interfaces__rosidl_typesupport_cpp.dir/rosidl_typesupport_cpp/pb_rm_interfaces/msg/event_data__type_support.cpp.o
[ 51%] Building CXX object CMakeFiles/pb_rm_interfaces__rosidl_typesupport_cpp.dir/rosidl_typesupport_cpp/pb_rm_interfaces/msg/game_robot_hp__type_support.cpp.o
[ 52%] Building CXX object CMakeFiles/pb_rm_interfaces__rosidl_typesupport_cpp.dir/rosidl_typesupport_cpp/pb_rm_interfaces/msg/ground_robot_position__type_support.cpp.o
[ 53%] Building CXX object CMakeFiles/pb_rm_interfaces__rosidl_typesupport_cpp.dir/rosidl_typesupport_cpp/pb_rm_interfaces/msg/game_status__type_support.cpp.o
[ 54%] Building CXX object CMakeFiles/pb_rm_interfaces__rosidl_typesupport_fastrtps_cpp.dir/rosidl_typesupport_fastrtps_cpp/pb_rm_interfaces/msg/detail/dds_fastrtps/buff__type_support.cpp.o
[ 54%] Building CXX object CMakeFiles/pb_rm_interfaces__rosidl_typesupport_cpp.dir/rosidl_typesupport_cpp/pb_rm_interfaces/msg/rfid_status__type_support.cpp.o
[ 55%] Building CXX object CMakeFiles/pb_rm_interfaces__rosidl_typesupport_cpp.dir/rosidl_typesupport_cpp/pb_rm_interfaces/msg/robot_status__type_support.cpp.o
[ 56%] Building CXX object CMakeFiles/pb_rm_interfaces__rosidl_typesupport_cpp.dir/rosidl_typesupport_cpp/pb_rm_interfaces/msg/gimbal__type_support.cpp.o
[ 57%] Linking C shared library libpb_rm_interfaces__rosidl_typesupport_introspection_c.so
[ 58%] Building CXX object CMakeFiles/pb_rm_interfaces__rosidl_typesupport_fastrtps_cpp.dir/rosidl_typesupport_fastrtps_cpp/pb_rm_interfaces/msg/detail/dds_fastrtps/event_data__type_support.cpp.o
[ 59%] Building CXX object CMakeFiles/pb_rm_interfaces__rosidl_typesupport_cpp.dir/rosidl_typesupport_cpp/pb_rm_interfaces/msg/gimbal_cmd__type_support.cpp.o
[ 59%] Building CXX object CMakeFiles/pb_rm_interfaces__rosidl_typesupport_fastrtps_c.dir/rosidl_typesupport_fastrtps_c/pb_rm_interfaces/msg/detail/buff__type_support_c.cpp.o
[ 59%] Built target pb_rm_interfaces__rosidl_typesupport_introspection_c
[ 60%] Building CXX object CMakeFiles/pb_rm_interfaces__rosidl_typesupport_fastrtps_c.dir/rosidl_typesupport_fastrtps_c/pb_rm_interfaces/msg/detail/event_data__type_support_c.cpp.o
[ 61%] Building CXX object CMakeFiles/pb_rm_interfaces__rosidl_typesupport_introspection_cpp.dir/rosidl_typesupport_introspection_cpp/pb_rm_interfaces/msg/detail/buff__type_support.cpp.o
[ 62%] Building CXX object CMakeFiles/pb_rm_interfaces__rosidl_typesupport_introspection_cpp.dir/rosidl_typesupport_introspection_cpp/pb_rm_interfaces/msg/detail/event_data__type_support.cpp.o
[ 61%] Building CXX object CMakeFiles/pb_rm_interfaces__rosidl_typesupport_fastrtps_cpp.dir/rosidl_typesupport_fastrtps_cpp/pb_rm_interfaces/msg/detail/dds_fastrtps/game_robot_hp__type_support.cpp.o
[ 62%] Building CXX object CMakeFiles/pb_rm_interfaces__rosidl_typesupport_cpp.dir/rosidl_typesupport_cpp/pb_rm_interfaces/msg/models__type_support.cpp.o
[ 63%] Building CXX object CMakeFiles/pb_rm_interfaces__rosidl_typesupport_cpp.dir/rosidl_typesupport_cpp/pb_rm_interfaces/msg/robot_state_info__type_support.cpp.o
[ 64%] Building CXX object CMakeFiles/pb_rm_interfaces__rosidl_typesupport_fastrtps_cpp.dir/rosidl_typesupport_fastrtps_cpp/pb_rm_interfaces/msg/detail/dds_fastrtps/ground_robot_position__type_support.cpp.o
[ 65%] Building CXX object CMakeFiles/pb_rm_interfaces__rosidl_typesupport_introspection_cpp.dir/rosidl_typesupport_introspection_cpp/pb_rm_interfaces/msg/detail/game_robot_hp__type_support.cpp.o
[ 66%] Building CXX object CMakeFiles/pb_rm_interfaces__rosidl_typesupport_fastrtps_cpp.dir/rosidl_typesupport_fastrtps_cpp/pb_rm_interfaces/msg/detail/dds_fastrtps/game_status__type_support.cpp.o
[ 67%] Building CXX object CMakeFiles/pb_rm_interfaces__rosidl_typesupport_fastrtps_c.dir/rosidl_typesupport_fastrtps_c/pb_rm_interfaces/msg/detail/game_robot_hp__type_support_c.cpp.o
[ 68%] Building CXX object CMakeFiles/pb_rm_interfaces__rosidl_typesupport_fastrtps_cpp.dir/rosidl_typesupport_fastrtps_cpp/pb_rm_interfaces/msg/detail/dds_fastrtps/rfid_status__type_support.cpp.o
[ 69%] Building CXX object CMakeFiles/pb_rm_interfaces__rosidl_typesupport_fastrtps_c.dir/rosidl_typesupport_fastrtps_c/pb_rm_interfaces/msg/detail/game_status__type_support_c.cpp.o
[ 69%] Building CXX object CMakeFiles/pb_rm_interfaces__rosidl_typesupport_introspection_cpp.dir/rosidl_typesupport_introspection_cpp/pb_rm_interfaces/msg/detail/game_status__type_support.cpp.o
[ 69%] Building CXX object CMakeFiles/pb_rm_interfaces__rosidl_typesupport_fastrtps_c.dir/rosidl_typesupport_fastrtps_c/pb_rm_interfaces/msg/detail/ground_robot_position__type_support_c.cpp.o
[ 69%] Building CXX object CMakeFiles/pb_rm_interfaces__rosidl_typesupport_fastrtps_cpp.dir/rosidl_typesupport_fastrtps_cpp/pb_rm_interfaces/msg/detail/dds_fastrtps/robot_status__type_support.cpp.o
[ 70%] Building CXX object CMakeFiles/pb_rm_interfaces__rosidl_typesupport_fastrtps_c.dir/rosidl_typesupport_fastrtps_c/pb_rm_interfaces/msg/detail/robot_status__type_support_c.cpp.o
[ 71%] Building CXX object CMakeFiles/pb_rm_interfaces__rosidl_typesupport_fastrtps_c.dir/rosidl_typesupport_fastrtps_c/pb_rm_interfaces/msg/detail/rfid_status__type_support_c.cpp.o
[ 72%] Building CXX object CMakeFiles/pb_rm_interfaces__rosidl_typesupport_introspection_cpp.dir/rosidl_typesupport_introspection_cpp/pb_rm_interfaces/msg/detail/ground_robot_position__type_support.cpp.o
[ 72%] Building CXX object CMakeFiles/pb_rm_interfaces__rosidl_typesupport_fastrtps_c.dir/rosidl_typesupport_fastrtps_c/pb_rm_interfaces/msg/detail/gimbal__type_support_c.cpp.o
[ 73%] Building CXX object CMakeFiles/pb_rm_interfaces__rosidl_typesupport_introspection_cpp.dir/rosidl_typesupport_introspection_cpp/pb_rm_interfaces/msg/detail/rfid_status__type_support.cpp.o
[ 74%] Linking CXX shared library libpb_rm_interfaces__rosidl_typesupport_cpp.so
[ 75%] Building CXX object CMakeFiles/pb_rm_interfaces__rosidl_typesupport_fastrtps_c.dir/rosidl_typesupport_fastrtps_c/pb_rm_interfaces/msg/detail/gimbal_cmd__type_support_c.cpp.o
[ 76%] Building CXX object CMakeFiles/pb_rm_interfaces__rosidl_typesupport_fastrtps_cpp.dir/rosidl_typesupport_fastrtps_cpp/pb_rm_interfaces/msg/detail/dds_fastrtps/gimbal__type_support.cpp.o
[ 77%] Building CXX object CMakeFiles/pb_rm_interfaces__rosidl_typesupport_introspection_cpp.dir/rosidl_typesupport_introspection_cpp/pb_rm_interfaces/msg/detail/robot_status__type_support.cpp.o
[ 78%] Building CXX object CMakeFiles/pb_rm_interfaces__rosidl_typesupport_fastrtps_c.dir/rosidl_typesupport_fastrtps_c/pb_rm_interfaces/msg/detail/models__type_support_c.cpp.o
[ 78%] Built target pb_rm_interfaces__rosidl_typesupport_cpp
[ 78%] Building CXX object CMakeFiles/pb_rm_interfaces__rosidl_typesupport_introspection_cpp.dir/rosidl_typesupport_introspection_cpp/pb_rm_interfaces/msg/detail/gimbal__type_support.cpp.o
[ 79%] Building CXX object CMakeFiles/pb_rm_interfaces__rosidl_typesupport_fastrtps_cpp.dir/rosidl_typesupport_fastrtps_cpp/pb_rm_interfaces/msg/detail/dds_fastrtps/gimbal_cmd__type_support.cpp.o
[ 80%] Building CXX object CMakeFiles/pb_rm_interfaces__rosidl_typesupport_introspection_cpp.dir/rosidl_typesupport_introspection_cpp/pb_rm_interfaces/msg/detail/gimbal_cmd__type_support.cpp.o
[ 80%] Building CXX object CMakeFiles/pb_rm_interfaces__rosidl_typesupport_fastrtps_cpp.dir/rosidl_typesupport_fastrtps_cpp/pb_rm_interfaces/msg/detail/dds_fastrtps/robot_state_info__type_support.cpp.o
[ 81%] Building CXX object CMakeFiles/pb_rm_interfaces__rosidl_typesupport_fastrtps_c.dir/rosidl_typesupport_fastrtps_c/pb_rm_interfaces/msg/detail/robot_state_info__type_support_c.cpp.o
[ 82%] Building CXX object CMakeFiles/pb_rm_interfaces__rosidl_typesupport_fastrtps_cpp.dir/rosidl_typesupport_fastrtps_cpp/pb_rm_interfaces/msg/detail/dds_fastrtps/models__type_support.cpp.o
[ 83%] Building CXX object CMakeFiles/pb_rm_interfaces__rosidl_typesupport_introspection_cpp.dir/rosidl_typesupport_introspection_cpp/pb_rm_interfaces/msg/detail/models__type_support.cpp.o
[ 84%] Building CXX object CMakeFiles/pb_rm_interfaces__rosidl_typesupport_introspection_cpp.dir/rosidl_typesupport_introspection_cpp/pb_rm_interfaces/msg/detail/robot_state_info__type_support.cpp.o
[ 84%] Linking CXX shared library libpb_rm_interfaces__rosidl_typesupport_fastrtps_c.so
[ 84%] Linking CXX shared library libpb_rm_interfaces__rosidl_typesupport_introspection_cpp.so
[ 84%] Built target pb_rm_interfaces__rosidl_typesupport_fastrtps_c
[ 84%] Built target pb_rm_interfaces__rosidl_typesupport_introspection_cpp
[ 85%] Linking CXX shared library libpb_rm_interfaces__rosidl_typesupport_fastrtps_cpp.so
[ 85%] Built target pb_rm_interfaces__rosidl_typesupport_fastrtps_cpp
[ 85%] Built target pb_rm_interfaces
[ 86%] Generating Python code for ROS interfaces
[ 86%] Built target pb_rm_interfaces__py
[ 87%] Building C object CMakeFiles/pb_rm_interfaces__rosidl_generator_py.dir/rosidl_generator_py/pb_rm_interfaces/msg/_game_robot_hp_s.c.o
[ 88%] Building C object CMakeFiles/pb_rm_interfaces__rosidl_generator_py.dir/rosidl_generator_py/pb_rm_interfaces/msg/_event_data_s.c.o
[ 88%] Building C object CMakeFiles/pb_rm_interfaces__rosidl_generator_py.dir/rosidl_generator_py/pb_rm_interfaces/msg/_buff_s.c.o
[ 88%] Building C object CMakeFiles/pb_rm_interfaces__rosidl_generator_py.dir/rosidl_generator_py/pb_rm_interfaces/msg/_rfid_status_s.c.o
[ 90%] Building C object CMakeFiles/pb_rm_interfaces__rosidl_generator_py.dir/rosidl_generator_py/pb_rm_interfaces/msg/_ground_robot_position_s.c.o
[ 90%] Building C object CMakeFiles/pb_rm_interfaces__rosidl_generator_py.dir/rosidl_generator_py/pb_rm_interfaces/msg/_game_status_s.c.o
[ 92%] Building C object CMakeFiles/pb_rm_interfaces__rosidl_generator_py.dir/rosidl_generator_py/pb_rm_interfaces/msg/_gimbal_s.c.o
[ 92%] Building C object CMakeFiles/pb_rm_interfaces__rosidl_generator_py.dir/rosidl_generator_py/pb_rm_interfaces/msg/_robot_status_s.c.o
[ 93%] Building C object CMakeFiles/pb_rm_interfaces__rosidl_generator_py.dir/rosidl_generator_py/pb_rm_interfaces/msg/_gimbal_cmd_s.c.o
[ 94%] Building C object CMakeFiles/pb_rm_interfaces__rosidl_generator_py.dir/rosidl_generator_py/pb_rm_interfaces/msg/_robot_state_info_s.c.o
[ 94%] Building C object CMakeFiles/pb_rm_interfaces__rosidl_generator_py.dir/rosidl_generator_py/pb_rm_interfaces/msg/_models_s.c.o
[ 95%] Linking C shared library libpb_rm_interfaces__rosidl_generator_py.so
[ 95%] Built target pb_rm_interfaces__rosidl_generator_py
[ 97%] Building C object CMakeFiles/pb_rm_interfaces_s__rosidl_typesupport_fastrtps_c.dir/rosidl_generator_py/pb_rm_interfaces/_pb_rm_interfaces_s.ep.rosidl_typesupport_fastrtps_c.c.o
[ 97%] Building C object CMakeFiles/pb_rm_interfaces_s__rosidl_typesupport_c.dir/rosidl_generator_py/pb_rm_interfaces/_pb_rm_interfaces_s.ep.rosidl_typesupport_c.c.o
[ 97%] Building C object CMakeFiles/pb_rm_interfaces_s__rosidl_typesupport_introspection_c.dir/rosidl_generator_py/pb_rm_interfaces/_pb_rm_interfaces_s.ep.rosidl_typesupport_introspection_c.c.o
[ 99%] Linking C shared module rosidl_generator_py/pb_rm_interfaces/pb_rm_interfaces_s__rosidl_typesupport_introspection_c.so
[ 99%] Linking C shared module rosidl_generator_py/pb_rm_interfaces/pb_rm_interfaces_s__rosidl_typesupport_c.so
[100%] Linking C shared module rosidl_generator_py/pb_rm_interfaces/pb_rm_interfaces_s__rosidl_typesupport_fastrtps_c.so
[100%] Built target pb_rm_interfaces_s__rosidl_typesupport_c
[100%] Built target pb_rm_interfaces_s__rosidl_typesupport_introspection_c
[100%] Built target pb_rm_interfaces_s__rosidl_typesupport_fastrtps_c
-- Install configuration: ""
-- Execute custom install script
-- Symlinking: /home/asus/nav_2027/rm_nav_v2/install/pb_rm_interfaces/share/ament_index/resource_index/rosidl_interfaces/pb_rm_interfaces
-- Symlinking: /home/asus/nav_2027/rm_nav_v2/install/pb_rm_interfaces/share/pb_rm_interfaces/msg/Buff.json
-- Symlinking: /home/asus/nav_2027/rm_nav_v2/install/pb_rm_interfaces/share/pb_rm_interfaces/msg/EventData.json
-- Symlinking: /home/asus/nav_2027/rm_nav_v2/install/pb_rm_interfaces/share/pb_rm_interfaces/msg/GameRobotHP.json
-- Symlinking: /home/asus/nav_2027/rm_nav_v2/install/pb_rm_interfaces/share/pb_rm_interfaces/msg/GameStatus.json
-- Symlinking: /home/asus/nav_2027/rm_nav_v2/install/pb_rm_interfaces/share/pb_rm_interfaces/msg/GroundRobotPosition.json
-- Symlinking: /home/asus/nav_2027/rm_nav_v2/install/pb_rm_interfaces/share/pb_rm_interfaces/msg/RfidStatus.json
-- Symlinking: /home/asus/nav_2027/rm_nav_v2/install/pb_rm_interfaces/share/pb_rm_interfaces/msg/RobotStatus.json
-- Symlinking: /home/asus/nav_2027/rm_nav_v2/install/pb_rm_interfaces/share/pb_rm_interfaces/msg/Gimbal.json
-- Symlinking: /home/asus/nav_2027/rm_nav_v2/install/pb_rm_interfaces/share/pb_rm_interfaces/msg/GimbalCmd.json
-- Symlinking: /home/asus/nav_2027/rm_nav_v2/install/pb_rm_interfaces/share/pb_rm_interfaces/msg/Models.json
-- Symlinking: /home/asus/nav_2027/rm_nav_v2/install/pb_rm_interfaces/share/pb_rm_interfaces/msg/RobotStateInfo.json
-- Symlinking: /home/asus/nav_2027/rm_nav_v2/install/pb_rm_interfaces/include/pb_rm_interfaces/pb_rm_interfaces/msg/buff.h
-- Symlinking: /home/asus/nav_2027/rm_nav_v2/install/pb_rm_interfaces/include/pb_rm_interfaces/pb_rm_interfaces/msg/detail/buff__functions.h
-- Symlinking: /home/asus/nav_2027/rm_nav_v2/install/pb_rm_interfaces/include/pb_rm_interfaces/pb_rm_interfaces/msg/detail/buff__struct.h
-- Symlinking: /home/asus/nav_2027/rm_nav_v2/install/pb_rm_interfaces/include/pb_rm_interfaces/pb_rm_interfaces/msg/detail/buff__type_support.h
-- Symlinking: /home/asus/nav_2027/rm_nav_v2/install/pb_rm_interfaces/include/pb_rm_interfaces/pb_rm_interfaces/msg/detail/event_data__functions.h
-- Symlinking: /home/asus/nav_2027/rm_nav_v2/install/pb_rm_interfaces/include/pb_rm_interfaces/pb_rm_interfaces/msg/detail/event_data__struct.h
-- Symlinking: /home/asus/nav_2027/rm_nav_v2/install/pb_rm_interfaces/include/pb_rm_interfaces/pb_rm_interfaces/msg/detail/event_data__type_support.h
-- Symlinking: /home/asus/nav_2027/rm_nav_v2/install/pb_rm_interfaces/include/pb_rm_interfaces/pb_rm_interfaces/msg/detail/game_robot_hp__functions.h
-- Symlinking: /home/asus/nav_2027/rm_nav_v2/install/pb_rm_interfaces/include/pb_rm_interfaces/pb_rm_interfaces/msg/detail/game_robot_hp__struct.h
-- Symlinking: /home/asus/nav_2027/rm_nav_v2/install/pb_rm_interfaces/include/pb_rm_interfaces/pb_rm_interfaces/msg/detail/game_robot_hp__type_support.h
-- Symlinking: /home/asus/nav_2027/rm_nav_v2/install/pb_rm_interfaces/include/pb_rm_interfaces/pb_rm_interfaces/msg/detail/game_status__functions.h
-- Symlinking: /home/asus/nav_2027/rm_nav_v2/install/pb_rm_interfaces/include/pb_rm_interfaces/pb_rm_interfaces/msg/detail/game_status__struct.h
-- Symlinking: /home/asus/nav_2027/rm_nav_v2/install/pb_rm_interfaces/include/pb_rm_interfaces/pb_rm_interfaces/msg/detail/game_status__type_support.h
-- Symlinking: /home/asus/nav_2027/rm_nav_v2/install/pb_rm_interfaces/include/pb_rm_interfaces/pb_rm_interfaces/msg/detail/gimbal__functions.h
-- Symlinking: /home/asus/nav_2027/rm_nav_v2/install/pb_rm_interfaces/include/pb_rm_interfaces/pb_rm_interfaces/msg/detail/gimbal__struct.h
-- Symlinking: /home/asus/nav_2027/rm_nav_v2/install/pb_rm_interfaces/include/pb_rm_interfaces/pb_rm_interfaces/msg/detail/gimbal__type_support.h
-- Symlinking: /home/asus/nav_2027/rm_nav_v2/install/pb_rm_interfaces/include/pb_rm_interfaces/pb_rm_interfaces/msg/detail/gimbal_cmd__functions.h
-- Symlinking: /home/asus/nav_2027/rm_nav_v2/install/pb_rm_interfaces/include/pb_rm_interfaces/pb_rm_interfaces/msg/detail/gimbal_cmd__struct.h
-- Symlinking: /home/asus/nav_2027/rm_nav_v2/install/pb_rm_interfaces/include/pb_rm_interfaces/pb_rm_interfaces/msg/detail/gimbal_cmd__type_support.h
-- Symlinking: /home/asus/nav_2027/rm_nav_v2/install/pb_rm_interfaces/include/pb_rm_interfaces/pb_rm_interfaces/msg/detail/ground_robot_position__functions.h
-- Symlinking: /home/asus/nav_2027/rm_nav_v2/install/pb_rm_interfaces/include/pb_rm_interfaces/pb_rm_interfaces/msg/detail/ground_robot_position__struct.h
-- Symlinking: /home/asus/nav_2027/rm_nav_v2/install/pb_rm_interfaces/include/pb_rm_interfaces/pb_rm_interfaces/msg/detail/ground_robot_position__type_support.h
-- Symlinking: /home/asus/nav_2027/rm_nav_v2/install/pb_rm_interfaces/include/pb_rm_interfaces/pb_rm_interfaces/msg/detail/models__functions.h
-- Symlinking: /home/asus/nav_2027/rm_nav_v2/install/pb_rm_interfaces/include/pb_rm_interfaces/pb_rm_interfaces/msg/detail/models__struct.h
-- Symlinking: /home/asus/nav_2027/rm_nav_v2/install/pb_rm_interfaces/include/pb_rm_interfaces/pb_rm_interfaces/msg/detail/models__type_support.h
-- Symlinking: /home/asus/nav_2027/rm_nav_v2/install/pb_rm_interfaces/include/pb_rm_interfaces/pb_rm_interfaces/msg/detail/rfid_status__functions.h
-- Symlinking: /home/asus/nav_2027/rm_nav_v2/install/pb_rm_interfaces/include/pb_rm_interfaces/pb_rm_interfaces/msg/detail/rfid_status__struct.h
-- Symlinking: /home/asus/nav_2027/rm_nav_v2/install/pb_rm_interfaces/include/pb_rm_interfaces/pb_rm_interfaces/msg/detail/rfid_status__type_support.h
-- Symlinking: /home/asus/nav_2027/rm_nav_v2/install/pb_rm_interfaces/include/pb_rm_interfaces/pb_rm_interfaces/msg/detail/robot_state_info__functions.h
-- Symlinking: /home/asus/nav_2027/rm_nav_v2/install/pb_rm_interfaces/include/pb_rm_interfaces/pb_rm_interfaces/msg/detail/robot_state_info__struct.h
-- Symlinking: /home/asus/nav_2027/rm_nav_v2/install/pb_rm_interfaces/include/pb_rm_interfaces/pb_rm_interfaces/msg/detail/robot_state_info__type_support.h
-- Symlinking: /home/asus/nav_2027/rm_nav_v2/install/pb_rm_interfaces/include/pb_rm_interfaces/pb_rm_interfaces/msg/detail/robot_status__functions.h
-- Symlinking: /home/asus/nav_2027/rm_nav_v2/install/pb_rm_interfaces/include/pb_rm_interfaces/pb_rm_interfaces/msg/detail/robot_status__struct.h
-- Symlinking: /home/asus/nav_2027/rm_nav_v2/install/pb_rm_interfaces/include/pb_rm_interfaces/pb_rm_interfaces/msg/detail/robot_status__type_support.h
-- Symlinking: /home/asus/nav_2027/rm_nav_v2/install/pb_rm_interfaces/include/pb_rm_interfaces/pb_rm_interfaces/msg/event_data.h
-- Symlinking: /home/asus/nav_2027/rm_nav_v2/install/pb_rm_interfaces/include/pb_rm_interfaces/pb_rm_interfaces/msg/game_robot_hp.h
-- Symlinking: /home/asus/nav_2027/rm_nav_v2/install/pb_rm_interfaces/include/pb_rm_interfaces/pb_rm_interfaces/msg/game_status.h
-- Symlinking: /home/asus/nav_2027/rm_nav_v2/install/pb_rm_interfaces/include/pb_rm_interfaces/pb_rm_interfaces/msg/gimbal.h
-- Symlinking: /home/asus/nav_2027/rm_nav_v2/install/pb_rm_interfaces/include/pb_rm_interfaces/pb_rm_interfaces/msg/gimbal_cmd.h
-- Symlinking: /home/asus/nav_2027/rm_nav_v2/install/pb_rm_interfaces/include/pb_rm_interfaces/pb_rm_interfaces/msg/ground_robot_position.h
-- Symlinking: /home/asus/nav_2027/rm_nav_v2/install/pb_rm_interfaces/include/pb_rm_interfaces/pb_rm_interfaces/msg/models.h
-- Symlinking: /home/asus/nav_2027/rm_nav_v2/install/pb_rm_interfaces/include/pb_rm_interfaces/pb_rm_interfaces/msg/rfid_status.h
-- Symlinking: /home/asus/nav_2027/rm_nav_v2/install/pb_rm_interfaces/include/pb_rm_interfaces/pb_rm_interfaces/msg/robot_state_info.h
-- Symlinking: /home/asus/nav_2027/rm_nav_v2/install/pb_rm_interfaces/include/pb_rm_interfaces/pb_rm_interfaces/msg/robot_status.h
-- Symlinking: /home/asus/nav_2027/rm_nav_v2/install/pb_rm_interfaces/include/pb_rm_interfaces/pb_rm_interfaces/msg/rosidl_generator_c__visibility_control.h
-- Symlinking: /home/asus/nav_2027/rm_nav_v2/install/pb_rm_interfaces/share/pb_rm_interfaces/environment/library_path.sh
-- Symlinking: /home/asus/nav_2027/rm_nav_v2/install/pb_rm_interfaces/share/pb_rm_interfaces/environment/library_path.dsv
-- Symlinking: /home/asus/nav_2027/rm_nav_v2/install/pb_rm_interfaces/include/pb_rm_interfaces/pb_rm_interfaces/msg/detail/buff__rosidl_typesupport_fastrtps_c.h
-- Symlinking: /home/asus/nav_2027/rm_nav_v2/install/pb_rm_interfaces/include/pb_rm_interfaces/pb_rm_interfaces/msg/detail/event_data__rosidl_typesupport_fastrtps_c.h
-- Symlinking: /home/asus/nav_2027/rm_nav_v2/install/pb_rm_interfaces/include/pb_rm_interfaces/pb_rm_interfaces/msg/detail/game_robot_hp__rosidl_typesupport_fastrtps_c.h
-- Symlinking: /home/asus/nav_2027/rm_nav_v2/install/pb_rm_interfaces/include/pb_rm_interfaces/pb_rm_interfaces/msg/detail/game_status__rosidl_typesupport_fastrtps_c.h
-- Symlinking: /home/asus/nav_2027/rm_nav_v2/install/pb_rm_interfaces/include/pb_rm_interfaces/pb_rm_interfaces/msg/detail/gimbal__rosidl_typesupport_fastrtps_c.h
-- Symlinking: /home/asus/nav_2027/rm_nav_v2/install/pb_rm_interfaces/include/pb_rm_interfaces/pb_rm_interfaces/msg/detail/gimbal_cmd__rosidl_typesupport_fastrtps_c.h
-- Symlinking: /home/asus/nav_2027/rm_nav_v2/install/pb_rm_interfaces/include/pb_rm_interfaces/pb_rm_interfaces/msg/detail/ground_robot_position__rosidl_typesupport_fastrtps_c.h
-- Symlinking: /home/asus/nav_2027/rm_nav_v2/install/pb_rm_interfaces/include/pb_rm_interfaces/pb_rm_interfaces/msg/detail/models__rosidl_typesupport_fastrtps_c.h
-- Symlinking: /home/asus/nav_2027/rm_nav_v2/install/pb_rm_interfaces/include/pb_rm_interfaces/pb_rm_interfaces/msg/detail/rfid_status__rosidl_typesupport_fastrtps_c.h
-- Symlinking: /home/asus/nav_2027/rm_nav_v2/install/pb_rm_interfaces/include/pb_rm_interfaces/pb_rm_interfaces/msg/detail/robot_state_info__rosidl_typesupport_fastrtps_c.h
-- Symlinking: /home/asus/nav_2027/rm_nav_v2/install/pb_rm_interfaces/include/pb_rm_interfaces/pb_rm_interfaces/msg/detail/robot_status__rosidl_typesupport_fastrtps_c.h
-- Symlinking: /home/asus/nav_2027/rm_nav_v2/install/pb_rm_interfaces/include/pb_rm_interfaces/pb_rm_interfaces/msg/rosidl_typesupport_fastrtps_c__visibility_control.h
-- Symlinking: /home/asus/nav_2027/rm_nav_v2/install/pb_rm_interfaces/include/pb_rm_interfaces/pb_rm_interfaces/msg/detail/buff__rosidl_typesupport_introspection_c.h
-- Symlinking: /home/asus/nav_2027/rm_nav_v2/install/pb_rm_interfaces/include/pb_rm_interfaces/pb_rm_interfaces/msg/detail/event_data__rosidl_typesupport_introspection_c.h
-- Symlinking: /home/asus/nav_2027/rm_nav_v2/install/pb_rm_interfaces/include/pb_rm_interfaces/pb_rm_interfaces/msg/detail/game_robot_hp__rosidl_typesupport_introspection_c.h
-- Symlinking: /home/asus/nav_2027/rm_nav_v2/install/pb_rm_interfaces/include/pb_rm_interfaces/pb_rm_interfaces/msg/detail/game_status__rosidl_typesupport_introspection_c.h
-- Symlinking: /home/asus/nav_2027/rm_nav_v2/install/pb_rm_interfaces/include/pb_rm_interfaces/pb_rm_interfaces/msg/detail/gimbal__rosidl_typesupport_introspection_c.h
-- Symlinking: /home/asus/nav_2027/rm_nav_v2/install/pb_rm_interfaces/include/pb_rm_interfaces/pb_rm_interfaces/msg/detail/gimbal_cmd__rosidl_typesupport_introspection_c.h
-- Symlinking: /home/asus/nav_2027/rm_nav_v2/install/pb_rm_interfaces/include/pb_rm_interfaces/pb_rm_interfaces/msg/detail/ground_robot_position__rosidl_typesupport_introspection_c.h
-- Symlinking: /home/asus/nav_2027/rm_nav_v2/install/pb_rm_interfaces/include/pb_rm_interfaces/pb_rm_interfaces/msg/detail/models__rosidl_typesupport_introspection_c.h
-- Symlinking: /home/asus/nav_2027/rm_nav_v2/install/pb_rm_interfaces/include/pb_rm_interfaces/pb_rm_interfaces/msg/detail/rfid_status__rosidl_typesupport_introspection_c.h
-- Symlinking: /home/asus/nav_2027/rm_nav_v2/install/pb_rm_interfaces/include/pb_rm_interfaces/pb_rm_interfaces/msg/detail/robot_state_info__rosidl_typesupport_introspection_c.h
-- Symlinking: /home/asus/nav_2027/rm_nav_v2/install/pb_rm_interfaces/include/pb_rm_interfaces/pb_rm_interfaces/msg/detail/robot_status__rosidl_typesupport_introspection_c.h
-- Symlinking: /home/asus/nav_2027/rm_nav_v2/install/pb_rm_interfaces/include/pb_rm_interfaces/pb_rm_interfaces/msg/rosidl_typesupport_introspection_c__visibility_control.h
-- Symlinking: /home/asus/nav_2027/rm_nav_v2/install/pb_rm_interfaces/include/pb_rm_interfaces/pb_rm_interfaces/msg/buff.hpp
-- Symlinking: /home/asus/nav_2027/rm_nav_v2/install/pb_rm_interfaces/include/pb_rm_interfaces/pb_rm_interfaces/msg/detail/buff__builder.hpp
-- Symlinking: /home/asus/nav_2027/rm_nav_v2/install/pb_rm_interfaces/include/pb_rm_interfaces/pb_rm_interfaces/msg/detail/buff__struct.hpp
-- Symlinking: /home/asus/nav_2027/rm_nav_v2/install/pb_rm_interfaces/include/pb_rm_interfaces/pb_rm_interfaces/msg/detail/buff__traits.hpp
-- Symlinking: /home/asus/nav_2027/rm_nav_v2/install/pb_rm_interfaces/include/pb_rm_interfaces/pb_rm_interfaces/msg/detail/buff__type_support.hpp
-- Symlinking: /home/asus/nav_2027/rm_nav_v2/install/pb_rm_interfaces/include/pb_rm_interfaces/pb_rm_interfaces/msg/detail/event_data__builder.hpp
-- Symlinking: /home/asus/nav_2027/rm_nav_v2/install/pb_rm_interfaces/include/pb_rm_interfaces/pb_rm_interfaces/msg/detail/event_data__struct.hpp
-- Symlinking: /home/asus/nav_2027/rm_nav_v2/install/pb_rm_interfaces/include/pb_rm_interfaces/pb_rm_interfaces/msg/detail/event_data__traits.hpp
-- Symlinking: /home/asus/nav_2027/rm_nav_v2/install/pb_rm_interfaces/include/pb_rm_interfaces/pb_rm_interfaces/msg/detail/event_data__type_support.hpp
-- Symlinking: /home/asus/nav_2027/rm_nav_v2/install/pb_rm_interfaces/include/pb_rm_interfaces/pb_rm_interfaces/msg/detail/game_robot_hp__builder.hpp
-- Symlinking: /home/asus/nav_2027/rm_nav_v2/install/pb_rm_interfaces/include/pb_rm_interfaces/pb_rm_interfaces/msg/detail/game_robot_hp__struct.hpp
-- Symlinking: /home/asus/nav_2027/rm_nav_v2/install/pb_rm_interfaces/include/pb_rm_interfaces/pb_rm_interfaces/msg/detail/game_robot_hp__traits.hpp
-- Symlinking: /home/asus/nav_2027/rm_nav_v2/install/pb_rm_interfaces/include/pb_rm_interfaces/pb_rm_interfaces/msg/detail/game_robot_hp__type_support.hpp
-- Symlinking: /home/asus/nav_2027/rm_nav_v2/install/pb_rm_interfaces/include/pb_rm_interfaces/pb_rm_interfaces/msg/detail/game_status__builder.hpp
-- Symlinking: /home/asus/nav_2027/rm_nav_v2/install/pb_rm_interfaces/include/pb_rm_interfaces/pb_rm_interfaces/msg/detail/game_status__struct.hpp
-- Symlinking: /home/asus/nav_2027/rm_nav_v2/install/pb_rm_interfaces/include/pb_rm_interfaces/pb_rm_interfaces/msg/detail/game_status__traits.hpp
-- Symlinking: /home/asus/nav_2027/rm_nav_v2/install/pb_rm_interfaces/include/pb_rm_interfaces/pb_rm_interfaces/msg/detail/game_status__type_support.hpp
-- Symlinking: /home/asus/nav_2027/rm_nav_v2/install/pb_rm_interfaces/include/pb_rm_interfaces/pb_rm_interfaces/msg/detail/gimbal__builder.hpp
-- Symlinking: /home/asus/nav_2027/rm_nav_v2/install/pb_rm_interfaces/include/pb_rm_interfaces/pb_rm_interfaces/msg/detail/gimbal__struct.hpp
-- Symlinking: /home/asus/nav_2027/rm_nav_v2/install/pb_rm_interfaces/include/pb_rm_interfaces/pb_rm_interfaces/msg/detail/gimbal__traits.hpp
-- Symlinking: /home/asus/nav_2027/rm_nav_v2/install/pb_rm_interfaces/include/pb_rm_interfaces/pb_rm_interfaces/msg/detail/gimbal__type_support.hpp
-- Symlinking: /home/asus/nav_2027/rm_nav_v2/install/pb_rm_interfaces/include/pb_rm_interfaces/pb_rm_interfaces/msg/detail/gimbal_cmd__builder.hpp
-- Symlinking: /home/asus/nav_2027/rm_nav_v2/install/pb_rm_interfaces/include/pb_rm_interfaces/pb_rm_interfaces/msg/detail/gimbal_cmd__struct.hpp
-- Symlinking: /home/asus/nav_2027/rm_nav_v2/install/pb_rm_interfaces/include/pb_rm_interfaces/pb_rm_interfaces/msg/detail/gimbal_cmd__traits.hpp
-- Symlinking: /home/asus/nav_2027/rm_nav_v2/install/pb_rm_interfaces/include/pb_rm_interfaces/pb_rm_interfaces/msg/detail/gimbal_cmd__type_support.hpp
-- Symlinking: /home/asus/nav_2027/rm_nav_v2/install/pb_rm_interfaces/include/pb_rm_interfaces/pb_rm_interfaces/msg/detail/ground_robot_position__builder.hpp
-- Symlinking: /home/asus/nav_2027/rm_nav_v2/install/pb_rm_interfaces/include/pb_rm_interfaces/pb_rm_interfaces/msg/detail/ground_robot_position__struct.hpp
-- Symlinking: /home/asus/nav_2027/rm_nav_v2/install/pb_rm_interfaces/include/pb_rm_interfaces/pb_rm_interfaces/msg/detail/ground_robot_position__traits.hpp
-- Symlinking: /home/asus/nav_2027/rm_nav_v2/install/pb_rm_interfaces/include/pb_rm_interfaces/pb_rm_interfaces/msg/detail/ground_robot_position__type_support.hpp
-- Symlinking: /home/asus/nav_2027/rm_nav_v2/install/pb_rm_interfaces/include/pb_rm_interfaces/pb_rm_interfaces/msg/detail/models__builder.hpp
-- Symlinking: /home/asus/nav_2027/rm_nav_v2/install/pb_rm_interfaces/include/pb_rm_interfaces/pb_rm_interfaces/msg/detail/models__struct.hpp
-- Symlinking: /home/asus/nav_2027/rm_nav_v2/install/pb_rm_interfaces/include/pb_rm_interfaces/pb_rm_interfaces/msg/detail/models__traits.hpp
-- Symlinking: /home/asus/nav_2027/rm_nav_v2/install/pb_rm_interfaces/include/pb_rm_interfaces/pb_rm_interfaces/msg/detail/models__type_support.hpp
-- Symlinking: /home/asus/nav_2027/rm_nav_v2/install/pb_rm_interfaces/include/pb_rm_interfaces/pb_rm_interfaces/msg/detail/rfid_status__builder.hpp
-- Symlinking: /home/asus/nav_2027/rm_nav_v2/install/pb_rm_interfaces/include/pb_rm_interfaces/pb_rm_interfaces/msg/detail/rfid_status__struct.hpp
-- Symlinking: /home/asus/nav_2027/rm_nav_v2/install/pb_rm_interfaces/include/pb_rm_interfaces/pb_rm_interfaces/msg/detail/rfid_status__traits.hpp
-- Symlinking: /home/asus/nav_2027/rm_nav_v2/install/pb_rm_interfaces/include/pb_rm_interfaces/pb_rm_interfaces/msg/detail/rfid_status__type_support.hpp
-- Symlinking: /home/asus/nav_2027/rm_nav_v2/install/pb_rm_interfaces/include/pb_rm_interfaces/pb_rm_interfaces/msg/detail/robot_state_info__builder.hpp
-- Symlinking: /home/asus/nav_2027/rm_nav_v2/install/pb_rm_interfaces/include/pb_rm_interfaces/pb_rm_interfaces/msg/detail/robot_state_info__struct.hpp
-- Symlinking: /home/asus/nav_2027/rm_nav_v2/install/pb_rm_interfaces/include/pb_rm_interfaces/pb_rm_interfaces/msg/detail/robot_state_info__traits.hpp
-- Symlinking: /home/asus/nav_2027/rm_nav_v2/install/pb_rm_interfaces/include/pb_rm_interfaces/pb_rm_interfaces/msg/detail/robot_state_info__type_support.hpp
-- Symlinking: /home/asus/nav_2027/rm_nav_v2/install/pb_rm_interfaces/include/pb_rm_interfaces/pb_rm_interfaces/msg/detail/robot_status__builder.hpp
-- Symlinking: /home/asus/nav_2027/rm_nav_v2/install/pb_rm_interfaces/include/pb_rm_interfaces/pb_rm_interfaces/msg/detail/robot_status__struct.hpp
-- Symlinking: /home/asus/nav_2027/rm_nav_v2/install/pb_rm_interfaces/include/pb_rm_interfaces/pb_rm_interfaces/msg/detail/robot_status__traits.hpp
-- Symlinking: /home/asus/nav_2027/rm_nav_v2/install/pb_rm_interfaces/include/pb_rm_interfaces/pb_rm_interfaces/msg/detail/robot_status__type_support.hpp
-- Symlinking: /home/asus/nav_2027/rm_nav_v2/install/pb_rm_interfaces/include/pb_rm_interfaces/pb_rm_interfaces/msg/event_data.hpp
-- Symlinking: /home/asus/nav_2027/rm_nav_v2/install/pb_rm_interfaces/include/pb_rm_interfaces/pb_rm_interfaces/msg/game_robot_hp.hpp
-- Symlinking: /home/asus/nav_2027/rm_nav_v2/install/pb_rm_interfaces/include/pb_rm_interfaces/pb_rm_interfaces/msg/game_status.hpp
-- Symlinking: /home/asus/nav_2027/rm_nav_v2/install/pb_rm_interfaces/include/pb_rm_interfaces/pb_rm_interfaces/msg/gimbal.hpp
-- Symlinking: /home/asus/nav_2027/rm_nav_v2/install/pb_rm_interfaces/include/pb_rm_interfaces/pb_rm_interfaces/msg/gimbal_cmd.hpp
-- Symlinking: /home/asus/nav_2027/rm_nav_v2/install/pb_rm_interfaces/include/pb_rm_interfaces/pb_rm_interfaces/msg/ground_robot_position.hpp
-- Symlinking: /home/asus/nav_2027/rm_nav_v2/install/pb_rm_interfaces/include/pb_rm_interfaces/pb_rm_interfaces/msg/models.hpp
-- Symlinking: /home/asus/nav_2027/rm_nav_v2/install/pb_rm_interfaces/include/pb_rm_interfaces/pb_rm_interfaces/msg/rfid_status.hpp
-- Symlinking: /home/asus/nav_2027/rm_nav_v2/install/pb_rm_interfaces/include/pb_rm_interfaces/pb_rm_interfaces/msg/robot_state_info.hpp
-- Symlinking: /home/asus/nav_2027/rm_nav_v2/install/pb_rm_interfaces/include/pb_rm_interfaces/pb_rm_interfaces/msg/robot_status.hpp
-- Symlinking: /home/asus/nav_2027/rm_nav_v2/install/pb_rm_interfaces/include/pb_rm_interfaces/pb_rm_interfaces/msg/rosidl_generator_cpp__visibility_control.hpp
-- Symlinking: /home/asus/nav_2027/rm_nav_v2/install/pb_rm_interfaces/include/pb_rm_interfaces/pb_rm_interfaces/msg/detail/buff__rosidl_typesupport_fastrtps_cpp.hpp
-- Symlinking: /home/asus/nav_2027/rm_nav_v2/install/pb_rm_interfaces/include/pb_rm_interfaces/pb_rm_interfaces/msg/detail/event_data__rosidl_typesupport_fastrtps_cpp.hpp
-- Symlinking: /home/asus/nav_2027/rm_nav_v2/install/pb_rm_interfaces/include/pb_rm_interfaces/pb_rm_interfaces/msg/detail/game_robot_hp__rosidl_typesupport_fastrtps_cpp.hpp
-- Symlinking: /home/asus/nav_2027/rm_nav_v2/install/pb_rm_interfaces/include/pb_rm_interfaces/pb_rm_interfaces/msg/detail/game_status__rosidl_typesupport_fastrtps_cpp.hpp
-- Symlinking: /home/asus/nav_2027/rm_nav_v2/install/pb_rm_interfaces/include/pb_rm_interfaces/pb_rm_interfaces/msg/detail/gimbal__rosidl_typesupport_fastrtps_cpp.hpp
-- Symlinking: /home/asus/nav_2027/rm_nav_v2/install/pb_rm_interfaces/include/pb_rm_interfaces/pb_rm_interfaces/msg/detail/gimbal_cmd__rosidl_typesupport_fastrtps_cpp.hpp
-- Symlinking: /home/asus/nav_2027/rm_nav_v2/install/pb_rm_interfaces/include/pb_rm_interfaces/pb_rm_interfaces/msg/detail/ground_robot_position__rosidl_typesupport_fastrtps_cpp.hpp
-- Symlinking: /home/asus/nav_2027/rm_nav_v2/install/pb_rm_interfaces/include/pb_rm_interfaces/pb_rm_interfaces/msg/detail/models__rosidl_typesupport_fastrtps_cpp.hpp
-- Symlinking: /home/asus/nav_2027/rm_nav_v2/install/pb_rm_interfaces/include/pb_rm_interfaces/pb_rm_interfaces/msg/detail/rfid_status__rosidl_typesupport_fastrtps_cpp.hpp
-- Symlinking: /home/asus/nav_2027/rm_nav_v2/install/pb_rm_interfaces/include/pb_rm_interfaces/pb_rm_interfaces/msg/detail/robot_state_info__rosidl_typesupport_fastrtps_cpp.hpp
-- Symlinking: /home/asus/nav_2027/rm_nav_v2/install/pb_rm_interfaces/include/pb_rm_interfaces/pb_rm_interfaces/msg/detail/robot_status__rosidl_typesupport_fastrtps_cpp.hpp
-- Symlinking: /home/asus/nav_2027/rm_nav_v2/install/pb_rm_interfaces/include/pb_rm_interfaces/pb_rm_interfaces/msg/rosidl_typesupport_fastrtps_cpp__visibility_control.h
-- Symlinking: /home/asus/nav_2027/rm_nav_v2/install/pb_rm_interfaces/include/pb_rm_interfaces/pb_rm_interfaces/msg/detail/buff__rosidl_typesupport_introspection_cpp.hpp
-- Symlinking: /home/asus/nav_2027/rm_nav_v2/install/pb_rm_interfaces/include/pb_rm_interfaces/pb_rm_interfaces/msg/detail/event_data__rosidl_typesupport_introspection_cpp.hpp
-- Symlinking: /home/asus/nav_2027/rm_nav_v2/install/pb_rm_interfaces/include/pb_rm_interfaces/pb_rm_interfaces/msg/detail/game_robot_hp__rosidl_typesupport_introspection_cpp.hpp
-- Symlinking: /home/asus/nav_2027/rm_nav_v2/install/pb_rm_interfaces/include/pb_rm_interfaces/pb_rm_interfaces/msg/detail/game_status__rosidl_typesupport_introspection_cpp.hpp
-- Symlinking: /home/asus/nav_2027/rm_nav_v2/install/pb_rm_interfaces/include/pb_rm_interfaces/pb_rm_interfaces/msg/detail/gimbal__rosidl_typesupport_introspection_cpp.hpp
-- Symlinking: /home/asus/nav_2027/rm_nav_v2/install/pb_rm_interfaces/include/pb_rm_interfaces/pb_rm_interfaces/msg/detail/gimbal_cmd__rosidl_typesupport_introspection_cpp.hpp
-- Symlinking: /home/asus/nav_2027/rm_nav_v2/install/pb_rm_interfaces/include/pb_rm_interfaces/pb_rm_interfaces/msg/detail/ground_robot_position__rosidl_typesupport_introspection_cpp.hpp
-- Symlinking: /home/asus/nav_2027/rm_nav_v2/install/pb_rm_interfaces/include/pb_rm_interfaces/pb_rm_interfaces/msg/detail/models__rosidl_typesupport_introspection_cpp.hpp
-- Symlinking: /home/asus/nav_2027/rm_nav_v2/install/pb_rm_interfaces/include/pb_rm_interfaces/pb_rm_interfaces/msg/detail/rfid_status__rosidl_typesupport_introspection_cpp.hpp
-- Symlinking: /home/asus/nav_2027/rm_nav_v2/install/pb_rm_interfaces/include/pb_rm_interfaces/pb_rm_interfaces/msg/detail/robot_state_info__rosidl_typesupport_introspection_cpp.hpp
-- Symlinking: /home/asus/nav_2027/rm_nav_v2/install/pb_rm_interfaces/include/pb_rm_interfaces/pb_rm_interfaces/msg/detail/robot_status__rosidl_typesupport_introspection_cpp.hpp
-- Symlinking: /home/asus/nav_2027/rm_nav_v2/install/pb_rm_interfaces/share/pb_rm_interfaces/environment/pythonpath.sh
-- Symlinking: /home/asus/nav_2027/rm_nav_v2/install/pb_rm_interfaces/share/pb_rm_interfaces/environment/pythonpath.dsv
-- Symlinking: /home/asus/nav_2027/rm_nav_v2/install/pb_rm_interfaces/lib/python3.12/site-packages/pb_rm_interfaces-1.0.0-py3.12.egg-info/PKG-INFO
-- Symlinking: /home/asus/nav_2027/rm_nav_v2/install/pb_rm_interfaces/lib/python3.12/site-packages/pb_rm_interfaces-1.0.0-py3.12.egg-info/SOURCES.txt
-- Symlinking: /home/asus/nav_2027/rm_nav_v2/install/pb_rm_interfaces/lib/python3.12/site-packages/pb_rm_interfaces-1.0.0-py3.12.egg-info/dependency_links.txt
-- Symlinking: /home/asus/nav_2027/rm_nav_v2/install/pb_rm_interfaces/lib/python3.12/site-packages/pb_rm_interfaces-1.0.0-py3.12.egg-info/top_level.txt
-- Symlinking: /home/asus/nav_2027/rm_nav_v2/install/pb_rm_interfaces/lib/python3.12/site-packages/pb_rm_interfaces/__init__.py
-- Symlinking: /home/asus/nav_2027/rm_nav_v2/install/pb_rm_interfaces/lib/python3.12/site-packages/pb_rm_interfaces/_pb_rm_interfaces_s.ep.rosidl_typesupport_c.c
-- Symlinking: /home/asus/nav_2027/rm_nav_v2/install/pb_rm_interfaces/lib/python3.12/site-packages/pb_rm_interfaces/_pb_rm_interfaces_s.ep.rosidl_typesupport_fastrtps_c.c
-- Symlinking: /home/asus/nav_2027/rm_nav_v2/install/pb_rm_interfaces/lib/python3.12/site-packages/pb_rm_interfaces/_pb_rm_interfaces_s.ep.rosidl_typesupport_introspection_c.c
-- Symlinking: /home/asus/nav_2027/rm_nav_v2/install/pb_rm_interfaces/lib/python3.12/site-packages/pb_rm_interfaces/msg/__init__.py
-- Symlinking: /home/asus/nav_2027/rm_nav_v2/install/pb_rm_interfaces/lib/python3.12/site-packages/pb_rm_interfaces/msg/_buff.py
-- Symlinking: /home/asus/nav_2027/rm_nav_v2/install/pb_rm_interfaces/lib/python3.12/site-packages/pb_rm_interfaces/msg/_buff_s.c
-- Symlinking: /home/asus/nav_2027/rm_nav_v2/install/pb_rm_interfaces/lib/python3.12/site-packages/pb_rm_interfaces/msg/_event_data.py
-- Symlinking: /home/asus/nav_2027/rm_nav_v2/install/pb_rm_interfaces/lib/python3.12/site-packages/pb_rm_interfaces/msg/_event_data_s.c
-- Symlinking: /home/asus/nav_2027/rm_nav_v2/install/pb_rm_interfaces/lib/python3.12/site-packages/pb_rm_interfaces/msg/_game_robot_hp.py
-- Symlinking: /home/asus/nav_2027/rm_nav_v2/install/pb_rm_interfaces/lib/python3.12/site-packages/pb_rm_interfaces/msg/_game_robot_hp_s.c
-- Symlinking: /home/asus/nav_2027/rm_nav_v2/install/pb_rm_interfaces/lib/python3.12/site-packages/pb_rm_interfaces/msg/_game_status.py
-- Symlinking: /home/asus/nav_2027/rm_nav_v2/install/pb_rm_interfaces/lib/python3.12/site-packages/pb_rm_interfaces/msg/_game_status_s.c
-- Symlinking: /home/asus/nav_2027/rm_nav_v2/install/pb_rm_interfaces/lib/python3.12/site-packages/pb_rm_interfaces/msg/_gimbal.py
-- Symlinking: /home/asus/nav_2027/rm_nav_v2/install/pb_rm_interfaces/lib/python3.12/site-packages/pb_rm_interfaces/msg/_gimbal_cmd.py
-- Symlinking: /home/asus/nav_2027/rm_nav_v2/install/pb_rm_interfaces/lib/python3.12/site-packages/pb_rm_interfaces/msg/_gimbal_cmd_s.c
-- Symlinking: /home/asus/nav_2027/rm_nav_v2/install/pb_rm_interfaces/lib/python3.12/site-packages/pb_rm_interfaces/msg/_gimbal_s.c
-- Symlinking: /home/asus/nav_2027/rm_nav_v2/install/pb_rm_interfaces/lib/python3.12/site-packages/pb_rm_interfaces/msg/_ground_robot_position.py
-- Symlinking: /home/asus/nav_2027/rm_nav_v2/install/pb_rm_interfaces/lib/python3.12/site-packages/pb_rm_interfaces/msg/_ground_robot_position_s.c
-- Symlinking: /home/asus/nav_2027/rm_nav_v2/install/pb_rm_interfaces/lib/python3.12/site-packages/pb_rm_interfaces/msg/_models.py
-- Symlinking: /home/asus/nav_2027/rm_nav_v2/install/pb_rm_interfaces/lib/python3.12/site-packages/pb_rm_interfaces/msg/_models_s.c
-- Symlinking: /home/asus/nav_2027/rm_nav_v2/install/pb_rm_interfaces/lib/python3.12/site-packages/pb_rm_interfaces/msg/_rfid_status.py
-- Symlinking: /home/asus/nav_2027/rm_nav_v2/install/pb_rm_interfaces/lib/python3.12/site-packages/pb_rm_interfaces/msg/_rfid_status_s.c
-- Symlinking: /home/asus/nav_2027/rm_nav_v2/install/pb_rm_interfaces/lib/python3.12/site-packages/pb_rm_interfaces/msg/_robot_state_info.py
-- Symlinking: /home/asus/nav_2027/rm_nav_v2/install/pb_rm_interfaces/lib/python3.12/site-packages/pb_rm_interfaces/msg/_robot_state_info_s.c
-- Symlinking: /home/asus/nav_2027/rm_nav_v2/install/pb_rm_interfaces/lib/python3.12/site-packages/pb_rm_interfaces/msg/_robot_status.py
-- Symlinking: /home/asus/nav_2027/rm_nav_v2/install/pb_rm_interfaces/lib/python3.12/site-packages/pb_rm_interfaces/msg/_robot_status_s.c
-- Symlinking: /home/asus/nav_2027/rm_nav_v2/install/pb_rm_interfaces/lib/python3.12/site-packages/pb_rm_interfaces/pb_rm_interfaces_s__rosidl_typesupport_c.so
-- Symlinking: /home/asus/nav_2027/rm_nav_v2/install/pb_rm_interfaces/lib/python3.12/site-packages/pb_rm_interfaces/pb_rm_interfaces_s__rosidl_typesupport_fastrtps_c.so
-- Symlinking: /home/asus/nav_2027/rm_nav_v2/install/pb_rm_interfaces/lib/python3.12/site-packages/pb_rm_interfaces/pb_rm_interfaces_s__rosidl_typesupport_introspection_c.so
-- Up-to-date symlink: /home/asus/nav_2027/rm_nav_v2/install/pb_rm_interfaces/lib/python3.12/site-packages/pb_rm_interfaces/pb_rm_interfaces_s__rosidl_typesupport_fastrtps_c.so
-- Up-to-date symlink: /home/asus/nav_2027/rm_nav_v2/install/pb_rm_interfaces/lib/python3.12/site-packages/pb_rm_interfaces/pb_rm_interfaces_s__rosidl_typesupport_introspection_c.so
-- Up-to-date symlink: /home/asus/nav_2027/rm_nav_v2/install/pb_rm_interfaces/lib/python3.12/site-packages/pb_rm_interfaces/pb_rm_interfaces_s__rosidl_typesupport_c.so
-- Symlinking: /home/asus/nav_2027/rm_nav_v2/install/pb_rm_interfaces/share/ament_index/resource_index/rust_packages/pb_rm_interfaces
-- Symlinking: /home/asus/nav_2027/rm_nav_v2/install/pb_rm_interfaces/share/pb_rm_interfaces/rust/Cargo.toml
-- Symlinking: /home/asus/nav_2027/rm_nav_v2/install/pb_rm_interfaces/share/pb_rm_interfaces/rust/build.rs
-- Symlinking: /home/asus/nav_2027/rm_nav_v2/install/pb_rm_interfaces/share/pb_rm_interfaces/rust/src/lib.rs
-- Symlinking: /home/asus/nav_2027/rm_nav_v2/install/pb_rm_interfaces/share/pb_rm_interfaces/rust/src/msg.rs
-- Symlinking: /home/asus/nav_2027/rm_nav_v2/install/pb_rm_interfaces/share/pb_rm_interfaces/rust/src/msg/rmw.rs
-- Symlinking: /home/asus/nav_2027/rm_nav_v2/install/pb_rm_interfaces/share/pb_rm_interfaces/msg/Buff.idl
-- Symlinking: /home/asus/nav_2027/rm_nav_v2/install/pb_rm_interfaces/share/pb_rm_interfaces/msg/EventData.idl
-- Symlinking: /home/asus/nav_2027/rm_nav_v2/install/pb_rm_interfaces/share/pb_rm_interfaces/msg/GameRobotHP.idl
-- Symlinking: /home/asus/nav_2027/rm_nav_v2/install/pb_rm_interfaces/share/pb_rm_interfaces/msg/GameStatus.idl
-- Symlinking: /home/asus/nav_2027/rm_nav_v2/install/pb_rm_interfaces/share/pb_rm_interfaces/msg/GroundRobotPosition.idl
-- Symlinking: /home/asus/nav_2027/rm_nav_v2/install/pb_rm_interfaces/share/pb_rm_interfaces/msg/RfidStatus.idl
-- Symlinking: /home/asus/nav_2027/rm_nav_v2/install/pb_rm_interfaces/share/pb_rm_interfaces/msg/RobotStatus.idl
-- Symlinking: /home/asus/nav_2027/rm_nav_v2/install/pb_rm_interfaces/share/pb_rm_interfaces/msg/Gimbal.idl
-- Symlinking: /home/asus/nav_2027/rm_nav_v2/install/pb_rm_interfaces/share/pb_rm_interfaces/msg/GimbalCmd.idl
-- Symlinking: /home/asus/nav_2027/rm_nav_v2/install/pb_rm_interfaces/share/pb_rm_interfaces/msg/Models.idl
-- Symlinking: /home/asus/nav_2027/rm_nav_v2/install/pb_rm_interfaces/share/pb_rm_interfaces/msg/RobotStateInfo.idl
-- Symlinking: /home/asus/nav_2027/rm_nav_v2/install/pb_rm_interfaces/share/pb_rm_interfaces/referee/Buff.msg
-- Symlinking: /home/asus/nav_2027/rm_nav_v2/install/pb_rm_interfaces/share/pb_rm_interfaces/referee/EventData.msg
-- Symlinking: /home/asus/nav_2027/rm_nav_v2/install/pb_rm_interfaces/share/pb_rm_interfaces/referee/GameRobotHP.msg
-- Symlinking: /home/asus/nav_2027/rm_nav_v2/install/pb_rm_interfaces/share/pb_rm_interfaces/referee/GameStatus.msg
-- Symlinking: /home/asus/nav_2027/rm_nav_v2/install/pb_rm_interfaces/share/pb_rm_interfaces/referee/GroundRobotPosition.msg
-- Symlinking: /home/asus/nav_2027/rm_nav_v2/install/pb_rm_interfaces/share/pb_rm_interfaces/referee/RfidStatus.msg
-- Symlinking: /home/asus/nav_2027/rm_nav_v2/install/pb_rm_interfaces/share/pb_rm_interfaces/referee/RobotStatus.msg
-- Symlinking: /home/asus/nav_2027/rm_nav_v2/install/pb_rm_interfaces/share/pb_rm_interfaces/msg/Gimbal.msg
-- Symlinking: /home/asus/nav_2027/rm_nav_v2/install/pb_rm_interfaces/share/pb_rm_interfaces/msg/GimbalCmd.msg
-- Symlinking: /home/asus/nav_2027/rm_nav_v2/install/pb_rm_interfaces/share/pb_rm_interfaces/msg/Models.msg
-- Symlinking: /home/asus/nav_2027/rm_nav_v2/install/pb_rm_interfaces/share/pb_rm_interfaces/msg/RobotStateInfo.msg
-- Symlinking: /home/asus/nav_2027/rm_nav_v2/install/pb_rm_interfaces/share/ament_index/resource_index/package_run_dependencies/pb_rm_interfaces
-- Symlinking: /home/asus/nav_2027/rm_nav_v2/install/pb_rm_interfaces/share/ament_index/resource_index/parent_prefix_path/pb_rm_interfaces
-- Symlinking: /home/asus/nav_2027/rm_nav_v2/install/pb_rm_interfaces/share/pb_rm_interfaces/environment/ament_prefix_path.sh
-- Symlinking: /home/asus/nav_2027/rm_nav_v2/install/pb_rm_interfaces/share/pb_rm_interfaces/environment/ament_prefix_path.dsv
-- Symlinking: /home/asus/nav_2027/rm_nav_v2/install/pb_rm_interfaces/share/pb_rm_interfaces/environment/path.sh
-- Symlinking: /home/asus/nav_2027/rm_nav_v2/install/pb_rm_interfaces/share/pb_rm_interfaces/environment/path.dsv
-- Symlinking: /home/asus/nav_2027/rm_nav_v2/install/pb_rm_interfaces/share/pb_rm_interfaces/local_setup.bash
-- Symlinking: /home/asus/nav_2027/rm_nav_v2/install/pb_rm_interfaces/share/pb_rm_interfaces/local_setup.sh
-- Symlinking: /home/asus/nav_2027/rm_nav_v2/install/pb_rm_interfaces/share/pb_rm_interfaces/local_setup.zsh
-- Symlinking: /home/asus/nav_2027/rm_nav_v2/install/pb_rm_interfaces/share/pb_rm_interfaces/local_setup.dsv
-- Symlinking: /home/asus/nav_2027/rm_nav_v2/install/pb_rm_interfaces/share/pb_rm_interfaces/package.dsv
-- Symlinking: /home/asus/nav_2027/rm_nav_v2/install/pb_rm_interfaces/share/ament_index/resource_index/packages/pb_rm_interfaces
-- Symlinking: /home/asus/nav_2027/rm_nav_v2/install/pb_rm_interfaces/share/pb_rm_interfaces/cmake/rosidl_cmake-extras.cmake
-- Symlinking: /home/asus/nav_2027/rm_nav_v2/install/pb_rm_interfaces/share/pb_rm_interfaces/cmake/ament_cmake_export_dependencies-extras.cmake
-- Symlinking: /home/asus/nav_2027/rm_nav_v2/install/pb_rm_interfaces/share/pb_rm_interfaces/cmake/ament_cmake_export_include_directories-extras.cmake
-- Symlinking: /home/asus/nav_2027/rm_nav_v2/install/pb_rm_interfaces/share/pb_rm_interfaces/cmake/ament_cmake_export_libraries-extras.cmake
-- Symlinking: /home/asus/nav_2027/rm_nav_v2/install/pb_rm_interfaces/share/pb_rm_interfaces/cmake/ament_cmake_export_targets-extras.cmake
-- Symlinking: /home/asus/nav_2027/rm_nav_v2/install/pb_rm_interfaces/share/pb_rm_interfaces/cmake/rosidl_cmake_export_typesupport_targets-extras.cmake
-- Symlinking: /home/asus/nav_2027/rm_nav_v2/install/pb_rm_interfaces/share/pb_rm_interfaces/cmake/rosidl_cmake_export_typesupport_libraries-extras.cmake
-- Symlinking: /home/asus/nav_2027/rm_nav_v2/install/pb_rm_interfaces/share/pb_rm_interfaces/cmake/rosidl_cmake_aggregate_target-extras.cmake
-- Symlinking: /home/asus/nav_2027/rm_nav_v2/install/pb_rm_interfaces/share/pb_rm_interfaces/cmake/pb_rm_interfacesConfig.cmake
-- Symlinking: /home/asus/nav_2027/rm_nav_v2/install/pb_rm_interfaces/share/pb_rm_interfaces/cmake/pb_rm_interfacesConfig-version.cmake
-- Symlinking: /home/asus/nav_2027/rm_nav_v2/install/pb_rm_interfaces/share/pb_rm_interfaces/package.xml
-- Installing: /home/asus/nav_2027/rm_nav_v2/install/pb_rm_interfaces/lib/libpb_rm_interfaces__rosidl_generator_c.so
-- Set non-toolchain portion of runtime path of "/home/asus/nav_2027/rm_nav_v2/install/pb_rm_interfaces/lib/libpb_rm_interfaces__rosidl_generator_c.so" to ""
-- Installing: /home/asus/nav_2027/rm_nav_v2/install/pb_rm_interfaces/lib/libpb_rm_interfaces__rosidl_typesupport_fastrtps_c.so
-- Set non-toolchain portion of runtime path of "/home/asus/nav_2027/rm_nav_v2/install/pb_rm_interfaces/lib/libpb_rm_interfaces__rosidl_typesupport_fastrtps_c.so" to ""
-- Installing: /home/asus/nav_2027/rm_nav_v2/install/pb_rm_interfaces/lib/libpb_rm_interfaces__rosidl_typesupport_introspection_c.so
-- Set non-toolchain portion of runtime path of "/home/asus/nav_2027/rm_nav_v2/install/pb_rm_interfaces/lib/libpb_rm_interfaces__rosidl_typesupport_introspection_c.so" to ""
-- Installing: /home/asus/nav_2027/rm_nav_v2/install/pb_rm_interfaces/lib/libpb_rm_interfaces__rosidl_typesupport_c.so
-- Set non-toolchain portion of runtime path of "/home/asus/nav_2027/rm_nav_v2/install/pb_rm_interfaces/lib/libpb_rm_interfaces__rosidl_typesupport_c.so" to ""
-- Installing: /home/asus/nav_2027/rm_nav_v2/install/pb_rm_interfaces/lib/libpb_rm_interfaces__rosidl_typesupport_fastrtps_cpp.so
-- Set non-toolchain portion of runtime path of "/home/asus/nav_2027/rm_nav_v2/install/pb_rm_interfaces/lib/libpb_rm_interfaces__rosidl_typesupport_fastrtps_cpp.so" to ""
-- Installing: /home/asus/nav_2027/rm_nav_v2/install/pb_rm_interfaces/lib/libpb_rm_interfaces__rosidl_typesupport_introspection_cpp.so
-- Set non-toolchain portion of runtime path of "/home/asus/nav_2027/rm_nav_v2/install/pb_rm_interfaces/lib/libpb_rm_interfaces__rosidl_typesupport_introspection_cpp.so" to ""
-- Installing: /home/asus/nav_2027/rm_nav_v2/install/pb_rm_interfaces/lib/libpb_rm_interfaces__rosidl_typesupport_cpp.so
-- Set non-toolchain portion of runtime path of "/home/asus/nav_2027/rm_nav_v2/install/pb_rm_interfaces/lib/libpb_rm_interfaces__rosidl_typesupport_cpp.so" to ""
Listing '/home/asus/nav_2027/rm_nav_v2/install/pb_rm_interfaces/lib/python3.12/site-packages/pb_rm_interfaces'...
Compiling '/home/asus/nav_2027/rm_nav_v2/install/pb_rm_interfaces/lib/python3.12/site-packages/pb_rm_interfaces/__init__.py'...
Listing '/home/asus/nav_2027/rm_nav_v2/install/pb_rm_interfaces/lib/python3.12/site-packages/pb_rm_interfaces/msg'...
Compiling '/home/asus/nav_2027/rm_nav_v2/install/pb_rm_interfaces/lib/python3.12/site-packages/pb_rm_interfaces/msg/__init__.py'...
Compiling '/home/asus/nav_2027/rm_nav_v2/install/pb_rm_interfaces/lib/python3.12/site-packages/pb_rm_interfaces/msg/_buff.py'...
Compiling '/home/asus/nav_2027/rm_nav_v2/install/pb_rm_interfaces/lib/python3.12/site-packages/pb_rm_interfaces/msg/_event_data.py'...
Compiling '/home/asus/nav_2027/rm_nav_v2/install/pb_rm_interfaces/lib/python3.12/site-packages/pb_rm_interfaces/msg/_game_robot_hp.py'...
Compiling '/home/asus/nav_2027/rm_nav_v2/install/pb_rm_interfaces/lib/python3.12/site-packages/pb_rm_interfaces/msg/_game_status.py'...
Compiling '/home/asus/nav_2027/rm_nav_v2/install/pb_rm_interfaces/lib/python3.12/site-packages/pb_rm_interfaces/msg/_gimbal.py'...
Compiling '/home/asus/nav_2027/rm_nav_v2/install/pb_rm_interfaces/lib/python3.12/site-packages/pb_rm_interfaces/msg/_gimbal_cmd.py'...
Compiling '/home/asus/nav_2027/rm_nav_v2/install/pb_rm_interfaces/lib/python3.12/site-packages/pb_rm_interfaces/msg/_ground_robot_position.py'...
Compiling '/home/asus/nav_2027/rm_nav_v2/install/pb_rm_interfaces/lib/python3.12/site-packages/pb_rm_interfaces/msg/_models.py'...
Compiling '/home/asus/nav_2027/rm_nav_v2/install/pb_rm_interfaces/lib/python3.12/site-packages/pb_rm_interfaces/msg/_rfid_status.py'...
Compiling '/home/asus/nav_2027/rm_nav_v2/install/pb_rm_interfaces/lib/python3.12/site-packages/pb_rm_interfaces/msg/_robot_state_info.py'...
Compiling '/home/asus/nav_2027/rm_nav_v2/install/pb_rm_interfaces/lib/python3.12/site-packages/pb_rm_interfaces/msg/_robot_status.py'...
-- Installing: /home/asus/nav_2027/rm_nav_v2/install/pb_rm_interfaces/lib/libpb_rm_interfaces__rosidl_generator_py.so
-- Set non-toolchain portion of runtime path of "/home/asus/nav_2027/rm_nav_v2/install/pb_rm_interfaces/lib/libpb_rm_interfaces__rosidl_generator_py.so" to ""
-- Installing: /home/asus/nav_2027/rm_nav_v2/install/pb_rm_interfaces/share/pb_rm_interfaces/cmake/export_pb_rm_interfaces__rosidl_generator_cExport.cmake
-- Installing: /home/asus/nav_2027/rm_nav_v2/install/pb_rm_interfaces/share/pb_rm_interfaces/cmake/export_pb_rm_interfaces__rosidl_generator_cExport-noconfig.cmake
-- Installing: /home/asus/nav_2027/rm_nav_v2/install/pb_rm_interfaces/share/pb_rm_interfaces/cmake/export_pb_rm_interfaces__rosidl_typesupport_fastrtps_cExport.cmake
-- Installing: /home/asus/nav_2027/rm_nav_v2/install/pb_rm_interfaces/share/pb_rm_interfaces/cmake/export_pb_rm_interfaces__rosidl_typesupport_fastrtps_cExport-noconfig.cmake
-- Installing: /home/asus/nav_2027/rm_nav_v2/install/pb_rm_interfaces/share/pb_rm_interfaces/cmake/pb_rm_interfaces__rosidl_typesupport_introspection_cExport.cmake
-- Installing: /home/asus/nav_2027/rm_nav_v2/install/pb_rm_interfaces/share/pb_rm_interfaces/cmake/pb_rm_interfaces__rosidl_typesupport_introspection_cExport-noconfig.cmake
-- Installing: /home/asus/nav_2027/rm_nav_v2/install/pb_rm_interfaces/share/pb_rm_interfaces/cmake/pb_rm_interfaces__rosidl_typesupport_cExport.cmake
-- Installing: /home/asus/nav_2027/rm_nav_v2/install/pb_rm_interfaces/share/pb_rm_interfaces/cmake/pb_rm_interfaces__rosidl_typesupport_cExport-noconfig.cmake
-- Installing: /home/asus/nav_2027/rm_nav_v2/install/pb_rm_interfaces/share/pb_rm_interfaces/cmake/export_pb_rm_interfaces__rosidl_generator_cppExport.cmake
-- Installing: /home/asus/nav_2027/rm_nav_v2/install/pb_rm_interfaces/share/pb_rm_interfaces/cmake/export_pb_rm_interfaces__rosidl_typesupport_fastrtps_cppExport.cmake
-- Installing: /home/asus/nav_2027/rm_nav_v2/install/pb_rm_interfaces/share/pb_rm_interfaces/cmake/export_pb_rm_interfaces__rosidl_typesupport_fastrtps_cppExport-noconfig.cmake
-- Installing: /home/asus/nav_2027/rm_nav_v2/install/pb_rm_interfaces/share/pb_rm_interfaces/cmake/pb_rm_interfaces__rosidl_typesupport_introspection_cppExport.cmake
-- Installing: /home/asus/nav_2027/rm_nav_v2/install/pb_rm_interfaces/share/pb_rm_interfaces/cmake/pb_rm_interfaces__rosidl_typesupport_introspection_cppExport-noconfig.cmake
-- Installing: /home/asus/nav_2027/rm_nav_v2/install/pb_rm_interfaces/share/pb_rm_interfaces/cmake/pb_rm_interfaces__rosidl_typesupport_cppExport.cmake
-- Installing: /home/asus/nav_2027/rm_nav_v2/install/pb_rm_interfaces/share/pb_rm_interfaces/cmake/pb_rm_interfaces__rosidl_typesupport_cppExport-noconfig.cmake
-- Installing: /home/asus/nav_2027/rm_nav_v2/install/pb_rm_interfaces/share/pb_rm_interfaces/cmake/export_pb_rm_interfaces__rosidl_generator_pyExport.cmake
-- Installing: /home/asus/nav_2027/rm_nav_v2/install/pb_rm_interfaces/share/pb_rm_interfaces/cmake/export_pb_rm_interfaces__rosidl_generator_pyExport-noconfig.cmake
