[0.006s] Invoking command in '/home/asus/nav_2027/rm_nav_v2/build/pb_rm_interfaces': CMAKE_PREFIX_PATH=${CMAKE_PREFIX_PATH}:/opt/ros/jazzy /usr/bin/cmake /home/asus/nav_2027/rm_nav_v2/src/pb_rm_interfaces -DAMENT_CMAKE_SYMLINK_INSTALL=1 -DCMAKE_INSTALL_PREFIX=/home/asus/nav_2027/rm_nav_v2/install/pb_rm_interfaces
[0.085s] -- The C compiler identification is GNU 13.3.0
[0.175s] -- The CXX compiler identification is GNU 13.3.0
[0.189s] -- Detecting C compiler ABI info
[0.254s] -- Detecting C compiler ABI info - done
[0.260s] -- Check for working C compiler: /usr/bin/cc - skipped
[0.261s] -- Detecting C compile features
[0.261s] -- Detecting C compile features - done
[0.268s] -- Detecting CXX compiler ABI info
[0.327s] -- Detecting CXX compiler ABI info - done
[0.333s] -- Check for working CXX compiler: /usr/bin/c++ - skipped
[0.333s] -- Detecting CXX compile features
[0.333s] -- Detecting CXX compile features - done
[0.338s] -- Found ament_cmake: 2.5.6 (/opt/ros/jazzy/share/ament_cmake/cmake)
[0.426s] -- Found Python3: /usr/bin/python3 (found version "3.12.3") found components: Interpreter 
[0.476s] -- Override CMake install command with custom implementation using symlinks instead of copying resources
[0.503s] -- Found rosidl_default_generators: 1.6.1 (/opt/ros/jazzy/share/rosidl_default_generators/cmake)
[0.508s] -- Using all available rosidl_typesupport_c: rosidl_typesupport_fastrtps_c;rosidl_typesupport_introspection_c
[0.549s] -- Using all available rosidl_typesupport_cpp: rosidl_typesupport_fastrtps_cpp;rosidl_typesupport_introspection_cpp
[0.585s] -- Found rosidl_adapter: 4.6.9 (/opt/ros/jazzy/share/rosidl_adapter/cmake)
[0.588s] -- Found geometry_msgs: 5.3.8 (/opt/ros/jazzy/share/geometry_msgs/cmake)
[1.033s] -- Found ament_cmake_ros: 0.12.1 (/opt/ros/jazzy/share/ament_cmake_ros/cmake)
[1.377s] -- Using all available rosidl_typesupport_c: rosidl_typesupport_fastrtps_c;rosidl_typesupport_introspection_c
[1.809s] -- Using all available rosidl_typesupport_cpp: rosidl_typesupport_fastrtps_cpp;rosidl_typesupport_introspection_cpp
[1.812s] -- Found python_cmake_module: 0.11.1 (/opt/ros/jazzy/share/python_cmake_module/cmake)
[1.893s] -- Found PythonExtra: /usr/bin/python3  
[2.212s] -- Found Python3: /usr/bin/python3 (found version "3.12.3") found components: Interpreter Development NumPy Development.Module Development.Embed 
[2.280s] -- Found Python3: /usr/bin/python3 (found version "3.12.3") found components: Interpreter 
[2.293s] -- Configuring done (2.3s)
[2.327s] -- Generating done (0.0s)
[2.335s] -- Build files have been written to: /home/asus/nav_2027/rm_nav_v2/build/pb_rm_interfaces
[2.343s] Invoked command in '/home/asus/nav_2027/rm_nav_v2/build/pb_rm_interfaces' returned '0': CMAKE_PREFIX_PATH=${CMAKE_PREFIX_PATH}:/opt/ros/jazzy /usr/bin/cmake /home/asus/nav_2027/rm_nav_v2/src/pb_rm_interfaces -DAMENT_CMAKE_SYMLINK_INSTALL=1 -DCMAKE_INSTALL_PREFIX=/home/asus/nav_2027/rm_nav_v2/install/pb_rm_interfaces
[2.344s] Invoking command in '/home/asus/nav_2027/rm_nav_v2/build/pb_rm_interfaces': CMAKE_PREFIX_PATH=${CMAKE_PREFIX_PATH}:/opt/ros/jazzy /usr/bin/cmake --build /home/asus/nav_2027/rm_nav_v2/build/pb_rm_interfaces -- -j14 -l14
[2.378s] [  1%] Generating type hashes for ROS interfaces
[2.378s] [  2%] Generating Rust code for ROS interfaces
[2.383s] [  2%] Built target ament_cmake_python_symlink_pb_rm_interfaces
[2.495s] running egg_info
[2.496s] creating pb_rm_interfaces.egg-info
[2.503s] writing pb_rm_interfaces.egg-info/PKG-INFO
[2.504s] writing dependency_links to pb_rm_interfaces.egg-info/dependency_links.txt
[2.504s] writing top-level names to pb_rm_interfaces.egg-info/top_level.txt
[2.504s] writing manifest file 'pb_rm_interfaces.egg-info/SOURCES.txt'
[2.527s] reading manifest file 'pb_rm_interfaces.egg-info/SOURCES.txt'
[2.527s] writing manifest file 'pb_rm_interfaces.egg-info/SOURCES.txt'
[2.544s] [  2%] Built target ament_cmake_python_build_pb_rm_interfaces_egg
[2.926s] [  2%] Built target pb_rm_interfaces__rosidl_generator_type_description
[2.933s] [  3%] Generating C code for ROS interfaces
[2.940s] [  3%] Generating C++ code for ROS interfaces
[2.952s] [  3%] Built target pb_rm_interfaces__rs
[3.622s] [  3%] Built target pb_rm_interfaces__cpp
[3.705s] [  6%] Building C object CMakeFiles/pb_rm_interfaces__rosidl_generator_c.dir/rosidl_generator_c/pb_rm_interfaces/msg/detail/game_status__functions.c.o
[3.705s] [  6%] Building C object CMakeFiles/pb_rm_interfaces__rosidl_generator_c.dir/rosidl_generator_c/pb_rm_interfaces/msg/detail/event_data__description.c.o
[3.705s] [  6%] Building C object CMakeFiles/pb_rm_interfaces__rosidl_generator_c.dir/rosidl_generator_c/pb_rm_interfaces/msg/detail/buff__description.c.o
[3.705s] [  6%] Building C object CMakeFiles/pb_rm_interfaces__rosidl_generator_c.dir/rosidl_generator_c/pb_rm_interfaces/msg/detail/buff__functions.c.o
[3.705s] [  7%] Building C object CMakeFiles/pb_rm_interfaces__rosidl_generator_c.dir/rosidl_generator_c/pb_rm_interfaces/msg/detail/buff__type_support.c.o
[3.705s] [  8%] Building C object CMakeFiles/pb_rm_interfaces__rosidl_generator_c.dir/rosidl_generator_c/pb_rm_interfaces/msg/detail/game_robot_hp__functions.c.o
[3.705s] [  8%] Building C object CMakeFiles/pb_rm_interfaces__rosidl_generator_c.dir/rosidl_generator_c/pb_rm_interfaces/msg/detail/event_data__functions.c.o
[3.705s] [  8%] Building C object CMakeFiles/pb_rm_interfaces__rosidl_generator_c.dir/rosidl_generator_c/pb_rm_interfaces/msg/detail/game_robot_hp__type_support.c.o
[3.705s] [  9%] Building C object CMakeFiles/pb_rm_interfaces__rosidl_generator_c.dir/rosidl_generator_c/pb_rm_interfaces/msg/detail/game_status__description.c.o
[3.705s] [ 10%] Building C object CMakeFiles/pb_rm_interfaces__rosidl_generator_c.dir/rosidl_generator_c/pb_rm_interfaces/msg/detail/event_data__type_support.c.o
[3.706s] [ 11%] Building C object CMakeFiles/pb_rm_interfaces__rosidl_generator_c.dir/rosidl_generator_c/pb_rm_interfaces/msg/detail/ground_robot_position__functions.c.o
[3.706s] [ 11%] Building C object CMakeFiles/pb_rm_interfaces__rosidl_generator_c.dir/rosidl_generator_c/pb_rm_interfaces/msg/detail/ground_robot_position__description.c.o
[3.715s] [ 12%] Building C object CMakeFiles/pb_rm_interfaces__rosidl_generator_c.dir/rosidl_generator_c/pb_rm_interfaces/msg/detail/game_status__type_support.c.o
[3.715s] [ 13%] Building C object CMakeFiles/pb_rm_interfaces__rosidl_generator_c.dir/rosidl_generator_c/pb_rm_interfaces/msg/detail/game_robot_hp__description.c.o
[3.731s] [ 15%] Building C object CMakeFiles/pb_rm_interfaces__rosidl_generator_c.dir/rosidl_generator_c/pb_rm_interfaces/msg/detail/rfid_status__description.c.o
[3.731s] [ 14%] Building C object CMakeFiles/pb_rm_interfaces__rosidl_generator_c.dir/rosidl_generator_c/pb_rm_interfaces/msg/detail/rfid_status__functions.c.o
[3.731s] [ 15%] Building C object CMakeFiles/pb_rm_interfaces__rosidl_generator_c.dir/rosidl_generator_c/pb_rm_interfaces/msg/detail/ground_robot_position__type_support.c.o
[3.739s] [ 17%] Building C object CMakeFiles/pb_rm_interfaces__rosidl_generator_c.dir/rosidl_generator_c/pb_rm_interfaces/msg/detail/robot_status__functions.c.o
[3.739s] [ 17%] Building C object CMakeFiles/pb_rm_interfaces__rosidl_generator_c.dir/rosidl_generator_c/pb_rm_interfaces/msg/detail/rfid_status__type_support.c.o
[3.739s] [ 18%] Building C object CMakeFiles/pb_rm_interfaces__rosidl_generator_c.dir/rosidl_generator_c/pb_rm_interfaces/msg/detail/robot_status__description.c.o
[3.744s] [ 18%] Building C object CMakeFiles/pb_rm_interfaces__rosidl_generator_c.dir/rosidl_generator_c/pb_rm_interfaces/msg/detail/robot_status__type_support.c.o
[3.745s] [ 19%] Building C object CMakeFiles/pb_rm_interfaces__rosidl_generator_c.dir/rosidl_generator_c/pb_rm_interfaces/msg/detail/gimbal__functions.c.o
[3.746s] [ 20%] Building C object CMakeFiles/pb_rm_interfaces__rosidl_generator_c.dir/rosidl_generator_c/pb_rm_interfaces/msg/detail/gimbal__description.c.o
[3.752s] [ 22%] Building C object CMakeFiles/pb_rm_interfaces__rosidl_generator_c.dir/rosidl_generator_c/pb_rm_interfaces/msg/detail/gimbal_cmd__description.c.o
[3.752s] [ 22%] Building C object CMakeFiles/pb_rm_interfaces__rosidl_generator_c.dir/rosidl_generator_c/pb_rm_interfaces/msg/detail/gimbal_cmd__functions.c.o
[3.752s] [ 22%] Building C object CMakeFiles/pb_rm_interfaces__rosidl_generator_c.dir/rosidl_generator_c/pb_rm_interfaces/msg/detail/gimbal__type_support.c.o
[3.754s] [ 23%] Building C object CMakeFiles/pb_rm_interfaces__rosidl_generator_c.dir/rosidl_generator_c/pb_rm_interfaces/msg/detail/gimbal_cmd__type_support.c.o
[3.766s] [ 24%] Building C object CMakeFiles/pb_rm_interfaces__rosidl_generator_c.dir/rosidl_generator_c/pb_rm_interfaces/msg/detail/models__functions.c.o
[3.767s] [ 25%] Building C object CMakeFiles/pb_rm_interfaces__rosidl_generator_c.dir/rosidl_generator_c/pb_rm_interfaces/msg/detail/models__type_support.c.o
[3.767s] [ 26%] Building C object CMakeFiles/pb_rm_interfaces__rosidl_generator_c.dir/rosidl_generator_c/pb_rm_interfaces/msg/detail/robot_state_info__description.c.o
[3.770s] [ 27%] Building C object CMakeFiles/pb_rm_interfaces__rosidl_generator_c.dir/rosidl_generator_c/pb_rm_interfaces/msg/detail/robot_state_info__functions.c.o
[3.770s] [ 27%] Building C object CMakeFiles/pb_rm_interfaces__rosidl_generator_c.dir/rosidl_generator_c/pb_rm_interfaces/msg/detail/robot_state_info__type_support.c.o
[3.770s] [ 27%] Building C object CMakeFiles/pb_rm_interfaces__rosidl_generator_c.dir/rosidl_generator_c/pb_rm_interfaces/msg/detail/models__description.c.o
[3.801s] [ 28%] Linking C shared library libpb_rm_interfaces__rosidl_generator_c.so
[3.830s] [ 28%] Built target pb_rm_interfaces__rosidl_generator_c
[3.837s] [ 29%] Generating C type support dispatch for ROS interfaces
[3.838s] [ 31%] Generating C introspection for ROS interfaces
[3.838s] [ 31%] Generating C type support for eProsima Fast-RTPS
[3.838s] [ 32%] Generating C++ type support dispatch for ROS interfaces
[3.838s] [ 32%] Generating C++ introspection for ROS interfaces
[3.838s] [ 32%] Generating C++ type support for eProsima Fast-RTPS
[4.477s] [ 36%] Building CXX object CMakeFiles/pb_rm_interfaces__rosidl_typesupport_c.dir/rosidl_typesupport_c/pb_rm_interfaces/msg/ground_robot_position__type_support.cpp.o
[4.477s] [ 36%] Building CXX object CMakeFiles/pb_rm_interfaces__rosidl_typesupport_c.dir/rosidl_typesupport_c/pb_rm_interfaces/msg/rfid_status__type_support.cpp.o
[4.477s] [ 36%] Building CXX object CMakeFiles/pb_rm_interfaces__rosidl_typesupport_c.dir/rosidl_typesupport_c/pb_rm_interfaces/msg/buff__type_support.cpp.o
[4.477s] [ 36%] Building CXX object CMakeFiles/pb_rm_interfaces__rosidl_typesupport_c.dir/rosidl_typesupport_c/pb_rm_interfaces/msg/event_data__type_support.cpp.o
[4.480s] [ 37%] Building CXX object CMakeFiles/pb_rm_interfaces__rosidl_typesupport_c.dir/rosidl_typesupport_c/pb_rm_interfaces/msg/gimbal__type_support.cpp.o
[4.480s] [ 37%] Building CXX object CMakeFiles/pb_rm_interfaces__rosidl_typesupport_c.dir/rosidl_typesupport_c/pb_rm_interfaces/msg/robot_status__type_support.cpp.o
[4.482s] [ 38%] Building CXX object CMakeFiles/pb_rm_interfaces__rosidl_typesupport_c.dir/rosidl_typesupport_c/pb_rm_interfaces/msg/game_robot_hp__type_support.cpp.o
[4.485s] [ 39%] Building CXX object CMakeFiles/pb_rm_interfaces__rosidl_typesupport_c.dir/rosidl_typesupport_c/pb_rm_interfaces/msg/gimbal_cmd__type_support.cpp.o
[4.490s] [ 39%] Building CXX object CMakeFiles/pb_rm_interfaces__rosidl_typesupport_c.dir/rosidl_typesupport_c/pb_rm_interfaces/msg/game_status__type_support.cpp.o
[4.521s] [ 40%] Building CXX object CMakeFiles/pb_rm_interfaces__rosidl_typesupport_c.dir/rosidl_typesupport_c/pb_rm_interfaces/msg/robot_state_info__type_support.cpp.o
[4.521s] [ 40%] Building CXX object CMakeFiles/pb_rm_interfaces__rosidl_typesupport_c.dir/rosidl_typesupport_c/pb_rm_interfaces/msg/models__type_support.cpp.o
[4.558s] [ 41%] Linking CXX shared library libpb_rm_interfaces__rosidl_typesupport_c.so
[4.561s] [ 42%] Building C object CMakeFiles/pb_rm_interfaces__rosidl_typesupport_introspection_c.dir/rosidl_typesupport_introspection_c/pb_rm_interfaces/msg/detail/buff__type_support.c.o
[4.562s] [ 43%] Building C object CMakeFiles/pb_rm_interfaces__rosidl_typesupport_introspection_c.dir/rosidl_typesupport_introspection_c/pb_rm_interfaces/msg/detail/game_robot_hp__type_support.c.o
[4.562s] [ 44%] Building C object CMakeFiles/pb_rm_interfaces__rosidl_typesupport_introspection_c.dir/rosidl_typesupport_introspection_c/pb_rm_interfaces/msg/detail/gimbal_cmd__type_support.c.o
[4.562s] [ 44%] Building C object CMakeFiles/pb_rm_interfaces__rosidl_typesupport_introspection_c.dir/rosidl_typesupport_introspection_c/pb_rm_interfaces/msg/detail/robot_status__type_support.c.o
[4.562s] [ 45%] Building C object CMakeFiles/pb_rm_interfaces__rosidl_typesupport_introspection_c.dir/rosidl_typesupport_introspection_c/pb_rm_interfaces/msg/detail/game_status__type_support.c.o
[4.562s] [ 46%] Building C object CMakeFiles/pb_rm_interfaces__rosidl_typesupport_introspection_c.dir/rosidl_typesupport_introspection_c/pb_rm_interfaces/msg/detail/gimbal__type_support.c.o
[4.566s] [ 46%] Building C object CMakeFiles/pb_rm_interfaces__rosidl_typesupport_introspection_c.dir/rosidl_typesupport_introspection_c/pb_rm_interfaces/msg/detail/event_data__type_support.c.o
[4.570s] [ 47%] Building C object CMakeFiles/pb_rm_interfaces__rosidl_typesupport_introspection_c.dir/rosidl_typesupport_introspection_c/pb_rm_interfaces/msg/detail/ground_robot_position__type_support.c.o
[4.571s] [ 47%] Building C object CMakeFiles/pb_rm_interfaces__rosidl_typesupport_introspection_c.dir/rosidl_typesupport_introspection_c/pb_rm_interfaces/msg/detail/rfid_status__type_support.c.o
[4.588s] [ 49%] Building C object CMakeFiles/pb_rm_interfaces__rosidl_typesupport_introspection_c.dir/rosidl_typesupport_introspection_c/pb_rm_interfaces/msg/detail/robot_state_info__type_support.c.o
[4.588s] [ 49%] Building C object CMakeFiles/pb_rm_interfaces__rosidl_typesupport_introspection_c.dir/rosidl_typesupport_introspection_c/pb_rm_interfaces/msg/detail/models__type_support.c.o
[4.609s] [ 49%] Built target pb_rm_interfaces__rosidl_typesupport_c
[4.618s] [ 50%] Building CXX object CMakeFiles/pb_rm_interfaces__rosidl_typesupport_cpp.dir/rosidl_typesupport_cpp/pb_rm_interfaces/msg/buff__type_support.cpp.o
[4.621s] [ 50%] Building CXX object CMakeFiles/pb_rm_interfaces__rosidl_typesupport_cpp.dir/rosidl_typesupport_cpp/pb_rm_interfaces/msg/event_data__type_support.cpp.o
[4.626s] [ 51%] Building CXX object CMakeFiles/pb_rm_interfaces__rosidl_typesupport_cpp.dir/rosidl_typesupport_cpp/pb_rm_interfaces/msg/game_robot_hp__type_support.cpp.o
[4.632s] [ 52%] Building CXX object CMakeFiles/pb_rm_interfaces__rosidl_typesupport_cpp.dir/rosidl_typesupport_cpp/pb_rm_interfaces/msg/ground_robot_position__type_support.cpp.o
[4.633s] [ 53%] Building CXX object CMakeFiles/pb_rm_interfaces__rosidl_typesupport_cpp.dir/rosidl_typesupport_cpp/pb_rm_interfaces/msg/game_status__type_support.cpp.o
[4.641s] [ 54%] Building CXX object CMakeFiles/pb_rm_interfaces__rosidl_typesupport_fastrtps_cpp.dir/rosidl_typesupport_fastrtps_cpp/pb_rm_interfaces/msg/detail/dds_fastrtps/buff__type_support.cpp.o
[4.647s] [ 54%] Building CXX object CMakeFiles/pb_rm_interfaces__rosidl_typesupport_cpp.dir/rosidl_typesupport_cpp/pb_rm_interfaces/msg/rfid_status__type_support.cpp.o
[4.649s] [ 55%] Building CXX object CMakeFiles/pb_rm_interfaces__rosidl_typesupport_cpp.dir/rosidl_typesupport_cpp/pb_rm_interfaces/msg/robot_status__type_support.cpp.o
[4.649s] [ 56%] Building CXX object CMakeFiles/pb_rm_interfaces__rosidl_typesupport_cpp.dir/rosidl_typesupport_cpp/pb_rm_interfaces/msg/gimbal__type_support.cpp.o
[4.651s] [ 57%] Linking C shared library libpb_rm_interfaces__rosidl_typesupport_introspection_c.so
[4.653s] [ 58%] Building CXX object CMakeFiles/pb_rm_interfaces__rosidl_typesupport_fastrtps_cpp.dir/rosidl_typesupport_fastrtps_cpp/pb_rm_interfaces/msg/detail/dds_fastrtps/event_data__type_support.cpp.o
[4.662s] [ 59%] Building CXX object CMakeFiles/pb_rm_interfaces__rosidl_typesupport_cpp.dir/rosidl_typesupport_cpp/pb_rm_interfaces/msg/gimbal_cmd__type_support.cpp.o
[4.670s] [ 59%] Building CXX object CMakeFiles/pb_rm_interfaces__rosidl_typesupport_fastrtps_c.dir/rosidl_typesupport_fastrtps_c/pb_rm_interfaces/msg/detail/buff__type_support_c.cpp.o
[4.682s] [ 59%] Built target pb_rm_interfaces__rosidl_typesupport_introspection_c
[4.693s] [ 60%] Building CXX object CMakeFiles/pb_rm_interfaces__rosidl_typesupport_fastrtps_c.dir/rosidl_typesupport_fastrtps_c/pb_rm_interfaces/msg/detail/event_data__type_support_c.cpp.o
[4.844s] [ 61%] Building CXX object CMakeFiles/pb_rm_interfaces__rosidl_typesupport_introspection_cpp.dir/rosidl_typesupport_introspection_cpp/pb_rm_interfaces/msg/detail/buff__type_support.cpp.o
[4.852s] [ 62%] Building CXX object CMakeFiles/pb_rm_interfaces__rosidl_typesupport_introspection_cpp.dir/rosidl_typesupport_introspection_cpp/pb_rm_interfaces/msg/detail/event_data__type_support.cpp.o
[4.852s] [ 61%] Building CXX object CMakeFiles/pb_rm_interfaces__rosidl_typesupport_fastrtps_cpp.dir/rosidl_typesupport_fastrtps_cpp/pb_rm_interfaces/msg/detail/dds_fastrtps/game_robot_hp__type_support.cpp.o
[4.902s] [ 62%] Building CXX object CMakeFiles/pb_rm_interfaces__rosidl_typesupport_cpp.dir/rosidl_typesupport_cpp/pb_rm_interfaces/msg/models__type_support.cpp.o
[4.905s] [ 63%] Building CXX object CMakeFiles/pb_rm_interfaces__rosidl_typesupport_cpp.dir/rosidl_typesupport_cpp/pb_rm_interfaces/msg/robot_state_info__type_support.cpp.o
[4.907s] [ 64%] Building CXX object CMakeFiles/pb_rm_interfaces__rosidl_typesupport_fastrtps_cpp.dir/rosidl_typesupport_fastrtps_cpp/pb_rm_interfaces/msg/detail/dds_fastrtps/ground_robot_position__type_support.cpp.o
[4.908s] [ 65%] Building CXX object CMakeFiles/pb_rm_interfaces__rosidl_typesupport_introspection_cpp.dir/rosidl_typesupport_introspection_cpp/pb_rm_interfaces/msg/detail/game_robot_hp__type_support.cpp.o
[4.909s] [ 66%] Building CXX object CMakeFiles/pb_rm_interfaces__rosidl_typesupport_fastrtps_cpp.dir/rosidl_typesupport_fastrtps_cpp/pb_rm_interfaces/msg/detail/dds_fastrtps/game_status__type_support.cpp.o
[4.917s] [ 67%] Building CXX object CMakeFiles/pb_rm_interfaces__rosidl_typesupport_fastrtps_c.dir/rosidl_typesupport_fastrtps_c/pb_rm_interfaces/msg/detail/game_robot_hp__type_support_c.cpp.o
[4.986s] [ 68%] Building CXX object CMakeFiles/pb_rm_interfaces__rosidl_typesupport_fastrtps_cpp.dir/rosidl_typesupport_fastrtps_cpp/pb_rm_interfaces/msg/detail/dds_fastrtps/rfid_status__type_support.cpp.o
[5.037s] [ 69%] Building CXX object CMakeFiles/pb_rm_interfaces__rosidl_typesupport_fastrtps_c.dir/rosidl_typesupport_fastrtps_c/pb_rm_interfaces/msg/detail/game_status__type_support_c.cpp.o
[5.048s] [ 69%] Building CXX object CMakeFiles/pb_rm_interfaces__rosidl_typesupport_introspection_cpp.dir/rosidl_typesupport_introspection_cpp/pb_rm_interfaces/msg/detail/game_status__type_support.cpp.o
[5.061s] [ 69%] Building CXX object CMakeFiles/pb_rm_interfaces__rosidl_typesupport_fastrtps_c.dir/rosidl_typesupport_fastrtps_c/pb_rm_interfaces/msg/detail/ground_robot_position__type_support_c.cpp.o
[5.062s] [ 69%] Building CXX object CMakeFiles/pb_rm_interfaces__rosidl_typesupport_fastrtps_cpp.dir/rosidl_typesupport_fastrtps_cpp/pb_rm_interfaces/msg/detail/dds_fastrtps/robot_status__type_support.cpp.o
[5.108s] [ 70%] Building CXX object CMakeFiles/pb_rm_interfaces__rosidl_typesupport_fastrtps_c.dir/rosidl_typesupport_fastrtps_c/pb_rm_interfaces/msg/detail/robot_status__type_support_c.cpp.o
[5.108s] [ 71%] Building CXX object CMakeFiles/pb_rm_interfaces__rosidl_typesupport_fastrtps_c.dir/rosidl_typesupport_fastrtps_c/pb_rm_interfaces/msg/detail/rfid_status__type_support_c.cpp.o
[5.158s] [ 72%] Building CXX object CMakeFiles/pb_rm_interfaces__rosidl_typesupport_introspection_cpp.dir/rosidl_typesupport_introspection_cpp/pb_rm_interfaces/msg/detail/ground_robot_position__type_support.cpp.o
[5.158s] [ 72%] Building CXX object CMakeFiles/pb_rm_interfaces__rosidl_typesupport_fastrtps_c.dir/rosidl_typesupport_fastrtps_c/pb_rm_interfaces/msg/detail/gimbal__type_support_c.cpp.o
[5.177s] [ 73%] Building CXX object CMakeFiles/pb_rm_interfaces__rosidl_typesupport_introspection_cpp.dir/rosidl_typesupport_introspection_cpp/pb_rm_interfaces/msg/detail/rfid_status__type_support.cpp.o
[5.232s] [ 74%] Linking CXX shared library libpb_rm_interfaces__rosidl_typesupport_cpp.so
[5.238s] [ 75%] Building CXX object CMakeFiles/pb_rm_interfaces__rosidl_typesupport_fastrtps_c.dir/rosidl_typesupport_fastrtps_c/pb_rm_interfaces/msg/detail/gimbal_cmd__type_support_c.cpp.o
[5.297s] [ 76%] Building CXX object CMakeFiles/pb_rm_interfaces__rosidl_typesupport_fastrtps_cpp.dir/rosidl_typesupport_fastrtps_cpp/pb_rm_interfaces/msg/detail/dds_fastrtps/gimbal__type_support.cpp.o
[5.299s] [ 77%] Building CXX object CMakeFiles/pb_rm_interfaces__rosidl_typesupport_introspection_cpp.dir/rosidl_typesupport_introspection_cpp/pb_rm_interfaces/msg/detail/robot_status__type_support.cpp.o
[5.314s] [ 78%] Building CXX object CMakeFiles/pb_rm_interfaces__rosidl_typesupport_fastrtps_c.dir/rosidl_typesupport_fastrtps_c/pb_rm_interfaces/msg/detail/models__type_support_c.cpp.o
[5.349s] [ 78%] Built target pb_rm_interfaces__rosidl_typesupport_cpp
[5.371s] [ 78%] Building CXX object CMakeFiles/pb_rm_interfaces__rosidl_typesupport_introspection_cpp.dir/rosidl_typesupport_introspection_cpp/pb_rm_interfaces/msg/detail/gimbal__type_support.cpp.o
[5.373s] [ 79%] Building CXX object CMakeFiles/pb_rm_interfaces__rosidl_typesupport_fastrtps_cpp.dir/rosidl_typesupport_fastrtps_cpp/pb_rm_interfaces/msg/detail/dds_fastrtps/gimbal_cmd__type_support.cpp.o
[5.411s] [ 80%] Building CXX object CMakeFiles/pb_rm_interfaces__rosidl_typesupport_introspection_cpp.dir/rosidl_typesupport_introspection_cpp/pb_rm_interfaces/msg/detail/gimbal_cmd__type_support.cpp.o
[5.446s] [ 80%] Building CXX object CMakeFiles/pb_rm_interfaces__rosidl_typesupport_fastrtps_cpp.dir/rosidl_typesupport_fastrtps_cpp/pb_rm_interfaces/msg/detail/dds_fastrtps/robot_state_info__type_support.cpp.o
[5.461s] [ 81%] Building CXX object CMakeFiles/pb_rm_interfaces__rosidl_typesupport_fastrtps_c.dir/rosidl_typesupport_fastrtps_c/pb_rm_interfaces/msg/detail/robot_state_info__type_support_c.cpp.o
[5.467s] [ 82%] Building CXX object CMakeFiles/pb_rm_interfaces__rosidl_typesupport_fastrtps_cpp.dir/rosidl_typesupport_fastrtps_cpp/pb_rm_interfaces/msg/detail/dds_fastrtps/models__type_support.cpp.o
[5.501s] [ 83%] Building CXX object CMakeFiles/pb_rm_interfaces__rosidl_typesupport_introspection_cpp.dir/rosidl_typesupport_introspection_cpp/pb_rm_interfaces/msg/detail/models__type_support.cpp.o
[5.506s] [ 84%] Building CXX object CMakeFiles/pb_rm_interfaces__rosidl_typesupport_introspection_cpp.dir/rosidl_typesupport_introspection_cpp/pb_rm_interfaces/msg/detail/robot_state_info__type_support.cpp.o
[5.733s] [ 84%] Linking CXX shared library libpb_rm_interfaces__rosidl_typesupport_fastrtps_c.so
[5.743s] [ 84%] Linking CXX shared library libpb_rm_interfaces__rosidl_typesupport_introspection_cpp.so
[5.790s] [ 84%] Built target pb_rm_interfaces__rosidl_typesupport_fastrtps_c
[5.792s] [ 84%] Built target pb_rm_interfaces__rosidl_typesupport_introspection_cpp
[5.797s] [ 85%] Linking CXX shared library libpb_rm_interfaces__rosidl_typesupport_fastrtps_cpp.so
[5.847s] [ 85%] Built target pb_rm_interfaces__rosidl_typesupport_fastrtps_cpp
[5.859s] [ 85%] Built target pb_rm_interfaces
[5.871s] [ 86%] Generating Python code for ROS interfaces
[7.088s] [ 86%] Built target pb_rm_interfaces__py
[7.102s] [ 87%] Building C object CMakeFiles/pb_rm_interfaces__rosidl_generator_py.dir/rosidl_generator_py/pb_rm_interfaces/msg/_game_robot_hp_s.c.o
[7.102s] [ 88%] Building C object CMakeFiles/pb_rm_interfaces__rosidl_generator_py.dir/rosidl_generator_py/pb_rm_interfaces/msg/_event_data_s.c.o
[7.102s] [ 88%] Building C object CMakeFiles/pb_rm_interfaces__rosidl_generator_py.dir/rosidl_generator_py/pb_rm_interfaces/msg/_buff_s.c.o
[7.102s] [ 88%] Building C object CMakeFiles/pb_rm_interfaces__rosidl_generator_py.dir/rosidl_generator_py/pb_rm_interfaces/msg/_rfid_status_s.c.o
[7.102s] [ 90%] Building C object CMakeFiles/pb_rm_interfaces__rosidl_generator_py.dir/rosidl_generator_py/pb_rm_interfaces/msg/_ground_robot_position_s.c.o
[7.102s] [ 90%] Building C object CMakeFiles/pb_rm_interfaces__rosidl_generator_py.dir/rosidl_generator_py/pb_rm_interfaces/msg/_game_status_s.c.o
[7.102s] [ 92%] Building C object CMakeFiles/pb_rm_interfaces__rosidl_generator_py.dir/rosidl_generator_py/pb_rm_interfaces/msg/_gimbal_s.c.o
[7.103s] [ 92%] Building C object CMakeFiles/pb_rm_interfaces__rosidl_generator_py.dir/rosidl_generator_py/pb_rm_interfaces/msg/_robot_status_s.c.o
[7.103s] [ 93%] Building C object CMakeFiles/pb_rm_interfaces__rosidl_generator_py.dir/rosidl_generator_py/pb_rm_interfaces/msg/_gimbal_cmd_s.c.o
[7.104s] [ 94%] Building C object CMakeFiles/pb_rm_interfaces__rosidl_generator_py.dir/rosidl_generator_py/pb_rm_interfaces/msg/_robot_state_info_s.c.o
[7.112s] [ 94%] Building C object CMakeFiles/pb_rm_interfaces__rosidl_generator_py.dir/rosidl_generator_py/pb_rm_interfaces/msg/_models_s.c.o
[7.215s] [ 95%] Linking C shared library libpb_rm_interfaces__rosidl_generator_py.so
[7.246s] [ 95%] Built target pb_rm_interfaces__rosidl_generator_py
[7.259s] [ 97%] Building C object CMakeFiles/pb_rm_interfaces_s__rosidl_typesupport_fastrtps_c.dir/rosidl_generator_py/pb_rm_interfaces/_pb_rm_interfaces_s.ep.rosidl_typesupport_fastrtps_c.c.o
[7.259s] [ 97%] Building C object CMakeFiles/pb_rm_interfaces_s__rosidl_typesupport_c.dir/rosidl_generator_py/pb_rm_interfaces/_pb_rm_interfaces_s.ep.rosidl_typesupport_c.c.o
[7.259s] [ 97%] Building C object CMakeFiles/pb_rm_interfaces_s__rosidl_typesupport_introspection_c.dir/rosidl_generator_py/pb_rm_interfaces/_pb_rm_interfaces_s.ep.rosidl_typesupport_introspection_c.c.o
[7.331s] [ 99%] Linking C shared module rosidl_generator_py/pb_rm_interfaces/pb_rm_interfaces_s__rosidl_typesupport_introspection_c.so
[7.331s] [ 99%] Linking C shared module rosidl_generator_py/pb_rm_interfaces/pb_rm_interfaces_s__rosidl_typesupport_c.so
[7.334s] [100%] Linking C shared module rosidl_generator_py/pb_rm_interfaces/pb_rm_interfaces_s__rosidl_typesupport_fastrtps_c.so
[7.351s] [100%] Built target pb_rm_interfaces_s__rosidl_typesupport_c
[7.351s] [100%] Built target pb_rm_interfaces_s__rosidl_typesupport_introspection_c
[7.353s] [100%] Built target pb_rm_interfaces_s__rosidl_typesupport_fastrtps_c
[7.360s] Invoked command in '/home/asus/nav_2027/rm_nav_v2/build/pb_rm_interfaces' returned '0': CMAKE_PREFIX_PATH=${CMAKE_PREFIX_PATH}:/opt/ros/jazzy /usr/bin/cmake --build /home/asus/nav_2027/rm_nav_v2/build/pb_rm_interfaces -- -j14 -l14
[7.367s] Invoking command in '/home/asus/nav_2027/rm_nav_v2/build/pb_rm_interfaces': CMAKE_PREFIX_PATH=${CMAKE_PREFIX_PATH}:/opt/ros/jazzy /usr/bin/cmake --install /home/asus/nav_2027/rm_nav_v2/build/pb_rm_interfaces
[7.372s] -- Install configuration: ""
[7.373s] -- Execute custom install script
[7.373s] -- Symlinking: /home/asus/nav_2027/rm_nav_v2/install/pb_rm_interfaces/share/ament_index/resource_index/rosidl_interfaces/pb_rm_interfaces
[7.378s] -- Symlinking: /home/asus/nav_2027/rm_nav_v2/install/pb_rm_interfaces/share/pb_rm_interfaces/msg/Buff.json
[7.383s] -- Symlinking: /home/asus/nav_2027/rm_nav_v2/install/pb_rm_interfaces/share/pb_rm_interfaces/msg/EventData.json
[7.388s] -- Symlinking: /home/asus/nav_2027/rm_nav_v2/install/pb_rm_interfaces/share/pb_rm_interfaces/msg/GameRobotHP.json
[7.393s] -- Symlinking: /home/asus/nav_2027/rm_nav_v2/install/pb_rm_interfaces/share/pb_rm_interfaces/msg/GameStatus.json
[7.397s] -- Symlinking: /home/asus/nav_2027/rm_nav_v2/install/pb_rm_interfaces/share/pb_rm_interfaces/msg/GroundRobotPosition.json
[7.402s] -- Symlinking: /home/asus/nav_2027/rm_nav_v2/install/pb_rm_interfaces/share/pb_rm_interfaces/msg/RfidStatus.json
[7.407s] -- Symlinking: /home/asus/nav_2027/rm_nav_v2/install/pb_rm_interfaces/share/pb_rm_interfaces/msg/RobotStatus.json
[7.412s] -- Symlinking: /home/asus/nav_2027/rm_nav_v2/install/pb_rm_interfaces/share/pb_rm_interfaces/msg/Gimbal.json
[7.417s] -- Symlinking: /home/asus/nav_2027/rm_nav_v2/install/pb_rm_interfaces/share/pb_rm_interfaces/msg/GimbalCmd.json
[7.421s] -- Symlinking: /home/asus/nav_2027/rm_nav_v2/install/pb_rm_interfaces/share/pb_rm_interfaces/msg/Models.json
[7.426s] -- Symlinking: /home/asus/nav_2027/rm_nav_v2/install/pb_rm_interfaces/share/pb_rm_interfaces/msg/RobotStateInfo.json
[7.431s] -- Symlinking: /home/asus/nav_2027/rm_nav_v2/install/pb_rm_interfaces/include/pb_rm_interfaces/pb_rm_interfaces/msg/buff.h
[7.436s] -- Symlinking: /home/asus/nav_2027/rm_nav_v2/install/pb_rm_interfaces/include/pb_rm_interfaces/pb_rm_interfaces/msg/detail/buff__functions.h
[7.440s] -- Symlinking: /home/asus/nav_2027/rm_nav_v2/install/pb_rm_interfaces/include/pb_rm_interfaces/pb_rm_interfaces/msg/detail/buff__struct.h
[7.445s] -- Symlinking: /home/asus/nav_2027/rm_nav_v2/install/pb_rm_interfaces/include/pb_rm_interfaces/pb_rm_interfaces/msg/detail/buff__type_support.h
[7.449s] -- Symlinking: /home/asus/nav_2027/rm_nav_v2/install/pb_rm_interfaces/include/pb_rm_interfaces/pb_rm_interfaces/msg/detail/event_data__functions.h
[7.453s] -- Symlinking: /home/asus/nav_2027/rm_nav_v2/install/pb_rm_interfaces/include/pb_rm_interfaces/pb_rm_interfaces/msg/detail/event_data__struct.h
[7.458s] -- Symlinking: /home/asus/nav_2027/rm_nav_v2/install/pb_rm_interfaces/include/pb_rm_interfaces/pb_rm_interfaces/msg/detail/event_data__type_support.h
[7.462s] -- Symlinking: /home/asus/nav_2027/rm_nav_v2/install/pb_rm_interfaces/include/pb_rm_interfaces/pb_rm_interfaces/msg/detail/game_robot_hp__functions.h
[7.467s] -- Symlinking: /home/asus/nav_2027/rm_nav_v2/install/pb_rm_interfaces/include/pb_rm_interfaces/pb_rm_interfaces/msg/detail/game_robot_hp__struct.h
[7.471s] -- Symlinking: /home/asus/nav_2027/rm_nav_v2/install/pb_rm_interfaces/include/pb_rm_interfaces/pb_rm_interfaces/msg/detail/game_robot_hp__type_support.h
[7.476s] -- Symlinking: /home/asus/nav_2027/rm_nav_v2/install/pb_rm_interfaces/include/pb_rm_interfaces/pb_rm_interfaces/msg/detail/game_status__functions.h
[7.480s] -- Symlinking: /home/asus/nav_2027/rm_nav_v2/install/pb_rm_interfaces/include/pb_rm_interfaces/pb_rm_interfaces/msg/detail/game_status__struct.h
[7.485s] -- Symlinking: /home/asus/nav_2027/rm_nav_v2/install/pb_rm_interfaces/include/pb_rm_interfaces/pb_rm_interfaces/msg/detail/game_status__type_support.h
[7.489s] -- Symlinking: /home/asus/nav_2027/rm_nav_v2/install/pb_rm_interfaces/include/pb_rm_interfaces/pb_rm_interfaces/msg/detail/gimbal__functions.h
[7.494s] -- Symlinking: /home/asus/nav_2027/rm_nav_v2/install/pb_rm_interfaces/include/pb_rm_interfaces/pb_rm_interfaces/msg/detail/gimbal__struct.h
[7.498s] -- Symlinking: /home/asus/nav_2027/rm_nav_v2/install/pb_rm_interfaces/include/pb_rm_interfaces/pb_rm_interfaces/msg/detail/gimbal__type_support.h
[7.502s] -- Symlinking: /home/asus/nav_2027/rm_nav_v2/install/pb_rm_interfaces/include/pb_rm_interfaces/pb_rm_interfaces/msg/detail/gimbal_cmd__functions.h
[7.507s] -- Symlinking: /home/asus/nav_2027/rm_nav_v2/install/pb_rm_interfaces/include/pb_rm_interfaces/pb_rm_interfaces/msg/detail/gimbal_cmd__struct.h
[7.511s] -- Symlinking: /home/asus/nav_2027/rm_nav_v2/install/pb_rm_interfaces/include/pb_rm_interfaces/pb_rm_interfaces/msg/detail/gimbal_cmd__type_support.h
[7.516s] -- Symlinking: /home/asus/nav_2027/rm_nav_v2/install/pb_rm_interfaces/include/pb_rm_interfaces/pb_rm_interfaces/msg/detail/ground_robot_position__functions.h
[7.520s] -- Symlinking: /home/asus/nav_2027/rm_nav_v2/install/pb_rm_interfaces/include/pb_rm_interfaces/pb_rm_interfaces/msg/detail/ground_robot_position__struct.h
[7.524s] -- Symlinking: /home/asus/nav_2027/rm_nav_v2/install/pb_rm_interfaces/include/pb_rm_interfaces/pb_rm_interfaces/msg/detail/ground_robot_position__type_support.h
[7.529s] -- Symlinking: /home/asus/nav_2027/rm_nav_v2/install/pb_rm_interfaces/include/pb_rm_interfaces/pb_rm_interfaces/msg/detail/models__functions.h
[7.533s] -- Symlinking: /home/asus/nav_2027/rm_nav_v2/install/pb_rm_interfaces/include/pb_rm_interfaces/pb_rm_interfaces/msg/detail/models__struct.h
[7.538s] -- Symlinking: /home/asus/nav_2027/rm_nav_v2/install/pb_rm_interfaces/include/pb_rm_interfaces/pb_rm_interfaces/msg/detail/models__type_support.h
[7.542s] -- Symlinking: /home/asus/nav_2027/rm_nav_v2/install/pb_rm_interfaces/include/pb_rm_interfaces/pb_rm_interfaces/msg/detail/rfid_status__functions.h
[7.547s] -- Symlinking: /home/asus/nav_2027/rm_nav_v2/install/pb_rm_interfaces/include/pb_rm_interfaces/pb_rm_interfaces/msg/detail/rfid_status__struct.h
[7.551s] -- Symlinking: /home/asus/nav_2027/rm_nav_v2/install/pb_rm_interfaces/include/pb_rm_interfaces/pb_rm_interfaces/msg/detail/rfid_status__type_support.h
[7.556s] -- Symlinking: /home/asus/nav_2027/rm_nav_v2/install/pb_rm_interfaces/include/pb_rm_interfaces/pb_rm_interfaces/msg/detail/robot_state_info__functions.h
[7.560s] -- Symlinking: /home/asus/nav_2027/rm_nav_v2/install/pb_rm_interfaces/include/pb_rm_interfaces/pb_rm_interfaces/msg/detail/robot_state_info__struct.h
[7.565s] -- Symlinking: /home/asus/nav_2027/rm_nav_v2/install/pb_rm_interfaces/include/pb_rm_interfaces/pb_rm_interfaces/msg/detail/robot_state_info__type_support.h
[7.569s] -- Symlinking: /home/asus/nav_2027/rm_nav_v2/install/pb_rm_interfaces/include/pb_rm_interfaces/pb_rm_interfaces/msg/detail/robot_status__functions.h
[7.573s] -- Symlinking: /home/asus/nav_2027/rm_nav_v2/install/pb_rm_interfaces/include/pb_rm_interfaces/pb_rm_interfaces/msg/detail/robot_status__struct.h
[7.578s] -- Symlinking: /home/asus/nav_2027/rm_nav_v2/install/pb_rm_interfaces/include/pb_rm_interfaces/pb_rm_interfaces/msg/detail/robot_status__type_support.h
[7.583s] -- Symlinking: /home/asus/nav_2027/rm_nav_v2/install/pb_rm_interfaces/include/pb_rm_interfaces/pb_rm_interfaces/msg/event_data.h
[7.587s] -- Symlinking: /home/asus/nav_2027/rm_nav_v2/install/pb_rm_interfaces/include/pb_rm_interfaces/pb_rm_interfaces/msg/game_robot_hp.h
[7.591s] -- Symlinking: /home/asus/nav_2027/rm_nav_v2/install/pb_rm_interfaces/include/pb_rm_interfaces/pb_rm_interfaces/msg/game_status.h
[7.596s] -- Symlinking: /home/asus/nav_2027/rm_nav_v2/install/pb_rm_interfaces/include/pb_rm_interfaces/pb_rm_interfaces/msg/gimbal.h
[7.600s] -- Symlinking: /home/asus/nav_2027/rm_nav_v2/install/pb_rm_interfaces/include/pb_rm_interfaces/pb_rm_interfaces/msg/gimbal_cmd.h
[7.604s] -- Symlinking: /home/asus/nav_2027/rm_nav_v2/install/pb_rm_interfaces/include/pb_rm_interfaces/pb_rm_interfaces/msg/ground_robot_position.h
[7.609s] -- Symlinking: /home/asus/nav_2027/rm_nav_v2/install/pb_rm_interfaces/include/pb_rm_interfaces/pb_rm_interfaces/msg/models.h
[7.613s] -- Symlinking: /home/asus/nav_2027/rm_nav_v2/install/pb_rm_interfaces/include/pb_rm_interfaces/pb_rm_interfaces/msg/rfid_status.h
[7.618s] -- Symlinking: /home/asus/nav_2027/rm_nav_v2/install/pb_rm_interfaces/include/pb_rm_interfaces/pb_rm_interfaces/msg/robot_state_info.h
[7.622s] -- Symlinking: /home/asus/nav_2027/rm_nav_v2/install/pb_rm_interfaces/include/pb_rm_interfaces/pb_rm_interfaces/msg/robot_status.h
[7.626s] -- Symlinking: /home/asus/nav_2027/rm_nav_v2/install/pb_rm_interfaces/include/pb_rm_interfaces/pb_rm_interfaces/msg/rosidl_generator_c__visibility_control.h
[7.631s] -- Symlinking: /home/asus/nav_2027/rm_nav_v2/install/pb_rm_interfaces/share/pb_rm_interfaces/environment/library_path.sh
[7.635s] -- Symlinking: /home/asus/nav_2027/rm_nav_v2/install/pb_rm_interfaces/share/pb_rm_interfaces/environment/library_path.dsv
[7.640s] -- Symlinking: /home/asus/nav_2027/rm_nav_v2/install/pb_rm_interfaces/include/pb_rm_interfaces/pb_rm_interfaces/msg/detail/buff__rosidl_typesupport_fastrtps_c.h
[7.645s] -- Symlinking: /home/asus/nav_2027/rm_nav_v2/install/pb_rm_interfaces/include/pb_rm_interfaces/pb_rm_interfaces/msg/detail/event_data__rosidl_typesupport_fastrtps_c.h
[7.649s] -- Symlinking: /home/asus/nav_2027/rm_nav_v2/install/pb_rm_interfaces/include/pb_rm_interfaces/pb_rm_interfaces/msg/detail/game_robot_hp__rosidl_typesupport_fastrtps_c.h
[7.653s] -- Symlinking: /home/asus/nav_2027/rm_nav_v2/install/pb_rm_interfaces/include/pb_rm_interfaces/pb_rm_interfaces/msg/detail/game_status__rosidl_typesupport_fastrtps_c.h
[7.658s] -- Symlinking: /home/asus/nav_2027/rm_nav_v2/install/pb_rm_interfaces/include/pb_rm_interfaces/pb_rm_interfaces/msg/detail/gimbal__rosidl_typesupport_fastrtps_c.h
[7.662s] -- Symlinking: /home/asus/nav_2027/rm_nav_v2/install/pb_rm_interfaces/include/pb_rm_interfaces/pb_rm_interfaces/msg/detail/gimbal_cmd__rosidl_typesupport_fastrtps_c.h
[7.667s] -- Symlinking: /home/asus/nav_2027/rm_nav_v2/install/pb_rm_interfaces/include/pb_rm_interfaces/pb_rm_interfaces/msg/detail/ground_robot_position__rosidl_typesupport_fastrtps_c.h
[7.671s] -- Symlinking: /home/asus/nav_2027/rm_nav_v2/install/pb_rm_interfaces/include/pb_rm_interfaces/pb_rm_interfaces/msg/detail/models__rosidl_typesupport_fastrtps_c.h
[7.676s] -- Symlinking: /home/asus/nav_2027/rm_nav_v2/install/pb_rm_interfaces/include/pb_rm_interfaces/pb_rm_interfaces/msg/detail/rfid_status__rosidl_typesupport_fastrtps_c.h
[7.680s] -- Symlinking: /home/asus/nav_2027/rm_nav_v2/install/pb_rm_interfaces/include/pb_rm_interfaces/pb_rm_interfaces/msg/detail/robot_state_info__rosidl_typesupport_fastrtps_c.h
[7.684s] -- Symlinking: /home/asus/nav_2027/rm_nav_v2/install/pb_rm_interfaces/include/pb_rm_interfaces/pb_rm_interfaces/msg/detail/robot_status__rosidl_typesupport_fastrtps_c.h
[7.689s] -- Symlinking: /home/asus/nav_2027/rm_nav_v2/install/pb_rm_interfaces/include/pb_rm_interfaces/pb_rm_interfaces/msg/rosidl_typesupport_fastrtps_c__visibility_control.h
[7.693s] -- Symlinking: /home/asus/nav_2027/rm_nav_v2/install/pb_rm_interfaces/include/pb_rm_interfaces/pb_rm_interfaces/msg/detail/buff__rosidl_typesupport_introspection_c.h
[7.698s] -- Symlinking: /home/asus/nav_2027/rm_nav_v2/install/pb_rm_interfaces/include/pb_rm_interfaces/pb_rm_interfaces/msg/detail/event_data__rosidl_typesupport_introspection_c.h
[7.702s] -- Symlinking: /home/asus/nav_2027/rm_nav_v2/install/pb_rm_interfaces/include/pb_rm_interfaces/pb_rm_interfaces/msg/detail/game_robot_hp__rosidl_typesupport_introspection_c.h
[7.706s] -- Symlinking: /home/asus/nav_2027/rm_nav_v2/install/pb_rm_interfaces/include/pb_rm_interfaces/pb_rm_interfaces/msg/detail/game_status__rosidl_typesupport_introspection_c.h
[7.711s] -- Symlinking: /home/asus/nav_2027/rm_nav_v2/install/pb_rm_interfaces/include/pb_rm_interfaces/pb_rm_interfaces/msg/detail/gimbal__rosidl_typesupport_introspection_c.h
[7.715s] -- Symlinking: /home/asus/nav_2027/rm_nav_v2/install/pb_rm_interfaces/include/pb_rm_interfaces/pb_rm_interfaces/msg/detail/gimbal_cmd__rosidl_typesupport_introspection_c.h
[7.720s] -- Symlinking: /home/asus/nav_2027/rm_nav_v2/install/pb_rm_interfaces/include/pb_rm_interfaces/pb_rm_interfaces/msg/detail/ground_robot_position__rosidl_typesupport_introspection_c.h
[7.724s] -- Symlinking: /home/asus/nav_2027/rm_nav_v2/install/pb_rm_interfaces/include/pb_rm_interfaces/pb_rm_interfaces/msg/detail/models__rosidl_typesupport_introspection_c.h
[7.729s] -- Symlinking: /home/asus/nav_2027/rm_nav_v2/install/pb_rm_interfaces/include/pb_rm_interfaces/pb_rm_interfaces/msg/detail/rfid_status__rosidl_typesupport_introspection_c.h
[7.733s] -- Symlinking: /home/asus/nav_2027/rm_nav_v2/install/pb_rm_interfaces/include/pb_rm_interfaces/pb_rm_interfaces/msg/detail/robot_state_info__rosidl_typesupport_introspection_c.h
[7.737s] -- Symlinking: /home/asus/nav_2027/rm_nav_v2/install/pb_rm_interfaces/include/pb_rm_interfaces/pb_rm_interfaces/msg/detail/robot_status__rosidl_typesupport_introspection_c.h
[7.741s] -- Symlinking: /home/asus/nav_2027/rm_nav_v2/install/pb_rm_interfaces/include/pb_rm_interfaces/pb_rm_interfaces/msg/rosidl_typesupport_introspection_c__visibility_control.h
[7.746s] -- Symlinking: /home/asus/nav_2027/rm_nav_v2/install/pb_rm_interfaces/include/pb_rm_interfaces/pb_rm_interfaces/msg/buff.hpp
[7.751s] -- Symlinking: /home/asus/nav_2027/rm_nav_v2/install/pb_rm_interfaces/include/pb_rm_interfaces/pb_rm_interfaces/msg/detail/buff__builder.hpp
[7.755s] -- Symlinking: /home/asus/nav_2027/rm_nav_v2/install/pb_rm_interfaces/include/pb_rm_interfaces/pb_rm_interfaces/msg/detail/buff__struct.hpp
[7.760s] -- Symlinking: /home/asus/nav_2027/rm_nav_v2/install/pb_rm_interfaces/include/pb_rm_interfaces/pb_rm_interfaces/msg/detail/buff__traits.hpp
[7.764s] -- Symlinking: /home/asus/nav_2027/rm_nav_v2/install/pb_rm_interfaces/include/pb_rm_interfaces/pb_rm_interfaces/msg/detail/buff__type_support.hpp
[7.768s] -- Symlinking: /home/asus/nav_2027/rm_nav_v2/install/pb_rm_interfaces/include/pb_rm_interfaces/pb_rm_interfaces/msg/detail/event_data__builder.hpp
[7.772s] -- Symlinking: /home/asus/nav_2027/rm_nav_v2/install/pb_rm_interfaces/include/pb_rm_interfaces/pb_rm_interfaces/msg/detail/event_data__struct.hpp
[7.777s] -- Symlinking: /home/asus/nav_2027/rm_nav_v2/install/pb_rm_interfaces/include/pb_rm_interfaces/pb_rm_interfaces/msg/detail/event_data__traits.hpp
[7.782s] -- Symlinking: /home/asus/nav_2027/rm_nav_v2/install/pb_rm_interfaces/include/pb_rm_interfaces/pb_rm_interfaces/msg/detail/event_data__type_support.hpp
[7.786s] -- Symlinking: /home/asus/nav_2027/rm_nav_v2/install/pb_rm_interfaces/include/pb_rm_interfaces/pb_rm_interfaces/msg/detail/game_robot_hp__builder.hpp
[7.791s] -- Symlinking: /home/asus/nav_2027/rm_nav_v2/install/pb_rm_interfaces/include/pb_rm_interfaces/pb_rm_interfaces/msg/detail/game_robot_hp__struct.hpp
[7.795s] -- Symlinking: /home/asus/nav_2027/rm_nav_v2/install/pb_rm_interfaces/include/pb_rm_interfaces/pb_rm_interfaces/msg/detail/game_robot_hp__traits.hpp
[7.800s] -- Symlinking: /home/asus/nav_2027/rm_nav_v2/install/pb_rm_interfaces/include/pb_rm_interfaces/pb_rm_interfaces/msg/detail/game_robot_hp__type_support.hpp
[7.804s] -- Symlinking: /home/asus/nav_2027/rm_nav_v2/install/pb_rm_interfaces/include/pb_rm_interfaces/pb_rm_interfaces/msg/detail/game_status__builder.hpp
[7.809s] -- Symlinking: /home/asus/nav_2027/rm_nav_v2/install/pb_rm_interfaces/include/pb_rm_interfaces/pb_rm_interfaces/msg/detail/game_status__struct.hpp
[7.813s] -- Symlinking: /home/asus/nav_2027/rm_nav_v2/install/pb_rm_interfaces/include/pb_rm_interfaces/pb_rm_interfaces/msg/detail/game_status__traits.hpp
[7.818s] -- Symlinking: /home/asus/nav_2027/rm_nav_v2/install/pb_rm_interfaces/include/pb_rm_interfaces/pb_rm_interfaces/msg/detail/game_status__type_support.hpp
[7.822s] -- Symlinking: /home/asus/nav_2027/rm_nav_v2/install/pb_rm_interfaces/include/pb_rm_interfaces/pb_rm_interfaces/msg/detail/gimbal__builder.hpp
[7.827s] -- Symlinking: /home/asus/nav_2027/rm_nav_v2/install/pb_rm_interfaces/include/pb_rm_interfaces/pb_rm_interfaces/msg/detail/gimbal__struct.hpp
[7.831s] -- Symlinking: /home/asus/nav_2027/rm_nav_v2/install/pb_rm_interfaces/include/pb_rm_interfaces/pb_rm_interfaces/msg/detail/gimbal__traits.hpp
[7.835s] -- Symlinking: /home/asus/nav_2027/rm_nav_v2/install/pb_rm_interfaces/include/pb_rm_interfaces/pb_rm_interfaces/msg/detail/gimbal__type_support.hpp
[7.840s] -- Symlinking: /home/asus/nav_2027/rm_nav_v2/install/pb_rm_interfaces/include/pb_rm_interfaces/pb_rm_interfaces/msg/detail/gimbal_cmd__builder.hpp
[7.844s] -- Symlinking: /home/asus/nav_2027/rm_nav_v2/install/pb_rm_interfaces/include/pb_rm_interfaces/pb_rm_interfaces/msg/detail/gimbal_cmd__struct.hpp
[7.849s] -- Symlinking: /home/asus/nav_2027/rm_nav_v2/install/pb_rm_interfaces/include/pb_rm_interfaces/pb_rm_interfaces/msg/detail/gimbal_cmd__traits.hpp
[7.853s] -- Symlinking: /home/asus/nav_2027/rm_nav_v2/install/pb_rm_interfaces/include/pb_rm_interfaces/pb_rm_interfaces/msg/detail/gimbal_cmd__type_support.hpp
[7.857s] -- Symlinking: /home/asus/nav_2027/rm_nav_v2/install/pb_rm_interfaces/include/pb_rm_interfaces/pb_rm_interfaces/msg/detail/ground_robot_position__builder.hpp
[7.862s] -- Symlinking: /home/asus/nav_2027/rm_nav_v2/install/pb_rm_interfaces/include/pb_rm_interfaces/pb_rm_interfaces/msg/detail/ground_robot_position__struct.hpp
[7.866s] -- Symlinking: /home/asus/nav_2027/rm_nav_v2/install/pb_rm_interfaces/include/pb_rm_interfaces/pb_rm_interfaces/msg/detail/ground_robot_position__traits.hpp
[7.871s] -- Symlinking: /home/asus/nav_2027/rm_nav_v2/install/pb_rm_interfaces/include/pb_rm_interfaces/pb_rm_interfaces/msg/detail/ground_robot_position__type_support.hpp
[7.875s] -- Symlinking: /home/asus/nav_2027/rm_nav_v2/install/pb_rm_interfaces/include/pb_rm_interfaces/pb_rm_interfaces/msg/detail/models__builder.hpp
[7.879s] -- Symlinking: /home/asus/nav_2027/rm_nav_v2/install/pb_rm_interfaces/include/pb_rm_interfaces/pb_rm_interfaces/msg/detail/models__struct.hpp
[7.884s] -- Symlinking: /home/asus/nav_2027/rm_nav_v2/install/pb_rm_interfaces/include/pb_rm_interfaces/pb_rm_interfaces/msg/detail/models__traits.hpp
[7.888s] -- Symlinking: /home/asus/nav_2027/rm_nav_v2/install/pb_rm_interfaces/include/pb_rm_interfaces/pb_rm_interfaces/msg/detail/models__type_support.hpp
[7.893s] -- Symlinking: /home/asus/nav_2027/rm_nav_v2/install/pb_rm_interfaces/include/pb_rm_interfaces/pb_rm_interfaces/msg/detail/rfid_status__builder.hpp
[7.898s] -- Symlinking: /home/asus/nav_2027/rm_nav_v2/install/pb_rm_interfaces/include/pb_rm_interfaces/pb_rm_interfaces/msg/detail/rfid_status__struct.hpp
[7.902s] -- Symlinking: /home/asus/nav_2027/rm_nav_v2/install/pb_rm_interfaces/include/pb_rm_interfaces/pb_rm_interfaces/msg/detail/rfid_status__traits.hpp
[7.906s] -- Symlinking: /home/asus/nav_2027/rm_nav_v2/install/pb_rm_interfaces/include/pb_rm_interfaces/pb_rm_interfaces/msg/detail/rfid_status__type_support.hpp
[7.911s] -- Symlinking: /home/asus/nav_2027/rm_nav_v2/install/pb_rm_interfaces/include/pb_rm_interfaces/pb_rm_interfaces/msg/detail/robot_state_info__builder.hpp
[7.915s] -- Symlinking: /home/asus/nav_2027/rm_nav_v2/install/pb_rm_interfaces/include/pb_rm_interfaces/pb_rm_interfaces/msg/detail/robot_state_info__struct.hpp
[7.919s] -- Symlinking: /home/asus/nav_2027/rm_nav_v2/install/pb_rm_interfaces/include/pb_rm_interfaces/pb_rm_interfaces/msg/detail/robot_state_info__traits.hpp
[7.924s] -- Symlinking: /home/asus/nav_2027/rm_nav_v2/install/pb_rm_interfaces/include/pb_rm_interfaces/pb_rm_interfaces/msg/detail/robot_state_info__type_support.hpp
[7.928s] -- Symlinking: /home/asus/nav_2027/rm_nav_v2/install/pb_rm_interfaces/include/pb_rm_interfaces/pb_rm_interfaces/msg/detail/robot_status__builder.hpp
[7.933s] -- Symlinking: /home/asus/nav_2027/rm_nav_v2/install/pb_rm_interfaces/include/pb_rm_interfaces/pb_rm_interfaces/msg/detail/robot_status__struct.hpp
[7.937s] -- Symlinking: /home/asus/nav_2027/rm_nav_v2/install/pb_rm_interfaces/include/pb_rm_interfaces/pb_rm_interfaces/msg/detail/robot_status__traits.hpp
[7.941s] -- Symlinking: /home/asus/nav_2027/rm_nav_v2/install/pb_rm_interfaces/include/pb_rm_interfaces/pb_rm_interfaces/msg/detail/robot_status__type_support.hpp
[7.946s] -- Symlinking: /home/asus/nav_2027/rm_nav_v2/install/pb_rm_interfaces/include/pb_rm_interfaces/pb_rm_interfaces/msg/event_data.hpp
[7.950s] -- Symlinking: /home/asus/nav_2027/rm_nav_v2/install/pb_rm_interfaces/include/pb_rm_interfaces/pb_rm_interfaces/msg/game_robot_hp.hpp
[7.955s] -- Symlinking: /home/asus/nav_2027/rm_nav_v2/install/pb_rm_interfaces/include/pb_rm_interfaces/pb_rm_interfaces/msg/game_status.hpp
[7.959s] -- Symlinking: /home/asus/nav_2027/rm_nav_v2/install/pb_rm_interfaces/include/pb_rm_interfaces/pb_rm_interfaces/msg/gimbal.hpp
[7.963s] -- Symlinking: /home/asus/nav_2027/rm_nav_v2/install/pb_rm_interfaces/include/pb_rm_interfaces/pb_rm_interfaces/msg/gimbal_cmd.hpp
[7.968s] -- Symlinking: /home/asus/nav_2027/rm_nav_v2/install/pb_rm_interfaces/include/pb_rm_interfaces/pb_rm_interfaces/msg/ground_robot_position.hpp
[7.972s] -- Symlinking: /home/asus/nav_2027/rm_nav_v2/install/pb_rm_interfaces/include/pb_rm_interfaces/pb_rm_interfaces/msg/models.hpp
[7.977s] -- Symlinking: /home/asus/nav_2027/rm_nav_v2/install/pb_rm_interfaces/include/pb_rm_interfaces/pb_rm_interfaces/msg/rfid_status.hpp
[7.981s] -- Symlinking: /home/asus/nav_2027/rm_nav_v2/install/pb_rm_interfaces/include/pb_rm_interfaces/pb_rm_interfaces/msg/robot_state_info.hpp
[7.986s] -- Symlinking: /home/asus/nav_2027/rm_nav_v2/install/pb_rm_interfaces/include/pb_rm_interfaces/pb_rm_interfaces/msg/robot_status.hpp
[7.990s] -- Symlinking: /home/asus/nav_2027/rm_nav_v2/install/pb_rm_interfaces/include/pb_rm_interfaces/pb_rm_interfaces/msg/rosidl_generator_cpp__visibility_control.hpp
[7.995s] -- Symlinking: /home/asus/nav_2027/rm_nav_v2/install/pb_rm_interfaces/include/pb_rm_interfaces/pb_rm_interfaces/msg/detail/buff__rosidl_typesupport_fastrtps_cpp.hpp
[7.999s] -- Symlinking: /home/asus/nav_2027/rm_nav_v2/install/pb_rm_interfaces/include/pb_rm_interfaces/pb_rm_interfaces/msg/detail/event_data__rosidl_typesupport_fastrtps_cpp.hpp
[8.004s] -- Symlinking: /home/asus/nav_2027/rm_nav_v2/install/pb_rm_interfaces/include/pb_rm_interfaces/pb_rm_interfaces/msg/detail/game_robot_hp__rosidl_typesupport_fastrtps_cpp.hpp
[8.008s] -- Symlinking: /home/asus/nav_2027/rm_nav_v2/install/pb_rm_interfaces/include/pb_rm_interfaces/pb_rm_interfaces/msg/detail/game_status__rosidl_typesupport_fastrtps_cpp.hpp
[8.012s] -- Symlinking: /home/asus/nav_2027/rm_nav_v2/install/pb_rm_interfaces/include/pb_rm_interfaces/pb_rm_interfaces/msg/detail/gimbal__rosidl_typesupport_fastrtps_cpp.hpp
[8.017s] -- Symlinking: /home/asus/nav_2027/rm_nav_v2/install/pb_rm_interfaces/include/pb_rm_interfaces/pb_rm_interfaces/msg/detail/gimbal_cmd__rosidl_typesupport_fastrtps_cpp.hpp
[8.021s] -- Symlinking: /home/asus/nav_2027/rm_nav_v2/install/pb_rm_interfaces/include/pb_rm_interfaces/pb_rm_interfaces/msg/detail/ground_robot_position__rosidl_typesupport_fastrtps_cpp.hpp
[8.026s] -- Symlinking: /home/asus/nav_2027/rm_nav_v2/install/pb_rm_interfaces/include/pb_rm_interfaces/pb_rm_interfaces/msg/detail/models__rosidl_typesupport_fastrtps_cpp.hpp
[8.031s] -- Symlinking: /home/asus/nav_2027/rm_nav_v2/install/pb_rm_interfaces/include/pb_rm_interfaces/pb_rm_interfaces/msg/detail/rfid_status__rosidl_typesupport_fastrtps_cpp.hpp
[8.035s] -- Symlinking: /home/asus/nav_2027/rm_nav_v2/install/pb_rm_interfaces/include/pb_rm_interfaces/pb_rm_interfaces/msg/detail/robot_state_info__rosidl_typesupport_fastrtps_cpp.hpp
[8.039s] -- Symlinking: /home/asus/nav_2027/rm_nav_v2/install/pb_rm_interfaces/include/pb_rm_interfaces/pb_rm_interfaces/msg/detail/robot_status__rosidl_typesupport_fastrtps_cpp.hpp
[8.044s] -- Symlinking: /home/asus/nav_2027/rm_nav_v2/install/pb_rm_interfaces/include/pb_rm_interfaces/pb_rm_interfaces/msg/rosidl_typesupport_fastrtps_cpp__visibility_control.h
[8.049s] -- Symlinking: /home/asus/nav_2027/rm_nav_v2/install/pb_rm_interfaces/include/pb_rm_interfaces/pb_rm_interfaces/msg/detail/buff__rosidl_typesupport_introspection_cpp.hpp
[8.053s] -- Symlinking: /home/asus/nav_2027/rm_nav_v2/install/pb_rm_interfaces/include/pb_rm_interfaces/pb_rm_interfaces/msg/detail/event_data__rosidl_typesupport_introspection_cpp.hpp
[8.057s] -- Symlinking: /home/asus/nav_2027/rm_nav_v2/install/pb_rm_interfaces/include/pb_rm_interfaces/pb_rm_interfaces/msg/detail/game_robot_hp__rosidl_typesupport_introspection_cpp.hpp
[8.062s] -- Symlinking: /home/asus/nav_2027/rm_nav_v2/install/pb_rm_interfaces/include/pb_rm_interfaces/pb_rm_interfaces/msg/detail/game_status__rosidl_typesupport_introspection_cpp.hpp
[8.066s] -- Symlinking: /home/asus/nav_2027/rm_nav_v2/install/pb_rm_interfaces/include/pb_rm_interfaces/pb_rm_interfaces/msg/detail/gimbal__rosidl_typesupport_introspection_cpp.hpp
[8.071s] -- Symlinking: /home/asus/nav_2027/rm_nav_v2/install/pb_rm_interfaces/include/pb_rm_interfaces/pb_rm_interfaces/msg/detail/gimbal_cmd__rosidl_typesupport_introspection_cpp.hpp
[8.075s] -- Symlinking: /home/asus/nav_2027/rm_nav_v2/install/pb_rm_interfaces/include/pb_rm_interfaces/pb_rm_interfaces/msg/detail/ground_robot_position__rosidl_typesupport_introspection_cpp.hpp
[8.079s] -- Symlinking: /home/asus/nav_2027/rm_nav_v2/install/pb_rm_interfaces/include/pb_rm_interfaces/pb_rm_interfaces/msg/detail/models__rosidl_typesupport_introspection_cpp.hpp
[8.084s] -- Symlinking: /home/asus/nav_2027/rm_nav_v2/install/pb_rm_interfaces/include/pb_rm_interfaces/pb_rm_interfaces/msg/detail/rfid_status__rosidl_typesupport_introspection_cpp.hpp
[8.088s] -- Symlinking: /home/asus/nav_2027/rm_nav_v2/install/pb_rm_interfaces/include/pb_rm_interfaces/pb_rm_interfaces/msg/detail/robot_state_info__rosidl_typesupport_introspection_cpp.hpp
[8.092s] -- Symlinking: /home/asus/nav_2027/rm_nav_v2/install/pb_rm_interfaces/include/pb_rm_interfaces/pb_rm_interfaces/msg/detail/robot_status__rosidl_typesupport_introspection_cpp.hpp
[8.097s] -- Symlinking: /home/asus/nav_2027/rm_nav_v2/install/pb_rm_interfaces/share/pb_rm_interfaces/environment/pythonpath.sh
[8.101s] -- Symlinking: /home/asus/nav_2027/rm_nav_v2/install/pb_rm_interfaces/share/pb_rm_interfaces/environment/pythonpath.dsv
[8.106s] -- Symlinking: /home/asus/nav_2027/rm_nav_v2/install/pb_rm_interfaces/lib/python3.12/site-packages/pb_rm_interfaces-1.0.0-py3.12.egg-info/PKG-INFO
[8.110s] -- Symlinking: /home/asus/nav_2027/rm_nav_v2/install/pb_rm_interfaces/lib/python3.12/site-packages/pb_rm_interfaces-1.0.0-py3.12.egg-info/SOURCES.txt
[8.115s] -- Symlinking: /home/asus/nav_2027/rm_nav_v2/install/pb_rm_interfaces/lib/python3.12/site-packages/pb_rm_interfaces-1.0.0-py3.12.egg-info/dependency_links.txt
[8.119s] -- Symlinking: /home/asus/nav_2027/rm_nav_v2/install/pb_rm_interfaces/lib/python3.12/site-packages/pb_rm_interfaces-1.0.0-py3.12.egg-info/top_level.txt
[8.124s] -- Symlinking: /home/asus/nav_2027/rm_nav_v2/install/pb_rm_interfaces/lib/python3.12/site-packages/pb_rm_interfaces/__init__.py
[8.129s] -- Symlinking: /home/asus/nav_2027/rm_nav_v2/install/pb_rm_interfaces/lib/python3.12/site-packages/pb_rm_interfaces/_pb_rm_interfaces_s.ep.rosidl_typesupport_c.c
[8.139s] -- Symlinking: /home/asus/nav_2027/rm_nav_v2/install/pb_rm_interfaces/lib/python3.12/site-packages/pb_rm_interfaces/_pb_rm_interfaces_s.ep.rosidl_typesupport_fastrtps_c.c
[8.144s] -- Symlinking: /home/asus/nav_2027/rm_nav_v2/install/pb_rm_interfaces/lib/python3.12/site-packages/pb_rm_interfaces/_pb_rm_interfaces_s.ep.rosidl_typesupport_introspection_c.c
[8.148s] -- Symlinking: /home/asus/nav_2027/rm_nav_v2/install/pb_rm_interfaces/lib/python3.12/site-packages/pb_rm_interfaces/msg/__init__.py
[8.152s] -- Symlinking: /home/asus/nav_2027/rm_nav_v2/install/pb_rm_interfaces/lib/python3.12/site-packages/pb_rm_interfaces/msg/_buff.py
[8.157s] -- Symlinking: /home/asus/nav_2027/rm_nav_v2/install/pb_rm_interfaces/lib/python3.12/site-packages/pb_rm_interfaces/msg/_buff_s.c
[8.161s] -- Symlinking: /home/asus/nav_2027/rm_nav_v2/install/pb_rm_interfaces/lib/python3.12/site-packages/pb_rm_interfaces/msg/_event_data.py
[8.166s] -- Symlinking: /home/asus/nav_2027/rm_nav_v2/install/pb_rm_interfaces/lib/python3.12/site-packages/pb_rm_interfaces/msg/_event_data_s.c
[8.170s] -- Symlinking: /home/asus/nav_2027/rm_nav_v2/install/pb_rm_interfaces/lib/python3.12/site-packages/pb_rm_interfaces/msg/_game_robot_hp.py
[8.174s] -- Symlinking: /home/asus/nav_2027/rm_nav_v2/install/pb_rm_interfaces/lib/python3.12/site-packages/pb_rm_interfaces/msg/_game_robot_hp_s.c
[8.179s] -- Symlinking: /home/asus/nav_2027/rm_nav_v2/install/pb_rm_interfaces/lib/python3.12/site-packages/pb_rm_interfaces/msg/_game_status.py
[8.184s] -- Symlinking: /home/asus/nav_2027/rm_nav_v2/install/pb_rm_interfaces/lib/python3.12/site-packages/pb_rm_interfaces/msg/_game_status_s.c
[8.188s] -- Symlinking: /home/asus/nav_2027/rm_nav_v2/install/pb_rm_interfaces/lib/python3.12/site-packages/pb_rm_interfaces/msg/_gimbal.py
[8.192s] -- Symlinking: /home/asus/nav_2027/rm_nav_v2/install/pb_rm_interfaces/lib/python3.12/site-packages/pb_rm_interfaces/msg/_gimbal_cmd.py
[8.197s] -- Symlinking: /home/asus/nav_2027/rm_nav_v2/install/pb_rm_interfaces/lib/python3.12/site-packages/pb_rm_interfaces/msg/_gimbal_cmd_s.c
[8.201s] -- Symlinking: /home/asus/nav_2027/rm_nav_v2/install/pb_rm_interfaces/lib/python3.12/site-packages/pb_rm_interfaces/msg/_gimbal_s.c
[8.206s] -- Symlinking: /home/asus/nav_2027/rm_nav_v2/install/pb_rm_interfaces/lib/python3.12/site-packages/pb_rm_interfaces/msg/_ground_robot_position.py
[8.210s] -- Symlinking: /home/asus/nav_2027/rm_nav_v2/install/pb_rm_interfaces/lib/python3.12/site-packages/pb_rm_interfaces/msg/_ground_robot_position_s.c
[8.214s] -- Symlinking: /home/asus/nav_2027/rm_nav_v2/install/pb_rm_interfaces/lib/python3.12/site-packages/pb_rm_interfaces/msg/_models.py
[8.219s] -- Symlinking: /home/asus/nav_2027/rm_nav_v2/install/pb_rm_interfaces/lib/python3.12/site-packages/pb_rm_interfaces/msg/_models_s.c
[8.223s] -- Symlinking: /home/asus/nav_2027/rm_nav_v2/install/pb_rm_interfaces/lib/python3.12/site-packages/pb_rm_interfaces/msg/_rfid_status.py
[8.228s] -- Symlinking: /home/asus/nav_2027/rm_nav_v2/install/pb_rm_interfaces/lib/python3.12/site-packages/pb_rm_interfaces/msg/_rfid_status_s.c
[8.232s] -- Symlinking: /home/asus/nav_2027/rm_nav_v2/install/pb_rm_interfaces/lib/python3.12/site-packages/pb_rm_interfaces/msg/_robot_state_info.py
[8.236s] -- Symlinking: /home/asus/nav_2027/rm_nav_v2/install/pb_rm_interfaces/lib/python3.12/site-packages/pb_rm_interfaces/msg/_robot_state_info_s.c
[8.241s] -- Symlinking: /home/asus/nav_2027/rm_nav_v2/install/pb_rm_interfaces/lib/python3.12/site-packages/pb_rm_interfaces/msg/_robot_status.py
[8.245s] -- Symlinking: /home/asus/nav_2027/rm_nav_v2/install/pb_rm_interfaces/lib/python3.12/site-packages/pb_rm_interfaces/msg/_robot_status_s.c
[8.250s] -- Symlinking: /home/asus/nav_2027/rm_nav_v2/install/pb_rm_interfaces/lib/python3.12/site-packages/pb_rm_interfaces/pb_rm_interfaces_s__rosidl_typesupport_c.so
[8.254s] -- Symlinking: /home/asus/nav_2027/rm_nav_v2/install/pb_rm_interfaces/lib/python3.12/site-packages/pb_rm_interfaces/pb_rm_interfaces_s__rosidl_typesupport_fastrtps_c.so
[8.258s] -- Symlinking: /home/asus/nav_2027/rm_nav_v2/install/pb_rm_interfaces/lib/python3.12/site-packages/pb_rm_interfaces/pb_rm_interfaces_s__rosidl_typesupport_introspection_c.so
[8.263s] -- Up-to-date symlink: /home/asus/nav_2027/rm_nav_v2/install/pb_rm_interfaces/lib/python3.12/site-packages/pb_rm_interfaces/pb_rm_interfaces_s__rosidl_typesupport_fastrtps_c.so
[8.263s] -- Up-to-date symlink: /home/asus/nav_2027/rm_nav_v2/install/pb_rm_interfaces/lib/python3.12/site-packages/pb_rm_interfaces/pb_rm_interfaces_s__rosidl_typesupport_introspection_c.so
[8.263s] -- Up-to-date symlink: /home/asus/nav_2027/rm_nav_v2/install/pb_rm_interfaces/lib/python3.12/site-packages/pb_rm_interfaces/pb_rm_interfaces_s__rosidl_typesupport_c.so
[8.263s] -- Symlinking: /home/asus/nav_2027/rm_nav_v2/install/pb_rm_interfaces/share/ament_index/resource_index/rust_packages/pb_rm_interfaces
[8.268s] -- Symlinking: /home/asus/nav_2027/rm_nav_v2/install/pb_rm_interfaces/share/pb_rm_interfaces/rust/Cargo.toml
[8.272s] -- Symlinking: /home/asus/nav_2027/rm_nav_v2/install/pb_rm_interfaces/share/pb_rm_interfaces/rust/build.rs
[8.282s] -- Symlinking: /home/asus/nav_2027/rm_nav_v2/install/pb_rm_interfaces/share/pb_rm_interfaces/rust/src/lib.rs
[8.287s] -- Symlinking: /home/asus/nav_2027/rm_nav_v2/install/pb_rm_interfaces/share/pb_rm_interfaces/rust/src/msg.rs
[8.292s] -- Symlinking: /home/asus/nav_2027/rm_nav_v2/install/pb_rm_interfaces/share/pb_rm_interfaces/rust/src/msg/rmw.rs
[8.296s] -- Symlinking: /home/asus/nav_2027/rm_nav_v2/install/pb_rm_interfaces/share/pb_rm_interfaces/msg/Buff.idl
[8.301s] -- Symlinking: /home/asus/nav_2027/rm_nav_v2/install/pb_rm_interfaces/share/pb_rm_interfaces/msg/EventData.idl
[8.305s] -- Symlinking: /home/asus/nav_2027/rm_nav_v2/install/pb_rm_interfaces/share/pb_rm_interfaces/msg/GameRobotHP.idl
[8.310s] -- Symlinking: /home/asus/nav_2027/rm_nav_v2/install/pb_rm_interfaces/share/pb_rm_interfaces/msg/GameStatus.idl
[8.315s] -- Symlinking: /home/asus/nav_2027/rm_nav_v2/install/pb_rm_interfaces/share/pb_rm_interfaces/msg/GroundRobotPosition.idl
[8.319s] -- Symlinking: /home/asus/nav_2027/rm_nav_v2/install/pb_rm_interfaces/share/pb_rm_interfaces/msg/RfidStatus.idl
[8.324s] -- Symlinking: /home/asus/nav_2027/rm_nav_v2/install/pb_rm_interfaces/share/pb_rm_interfaces/msg/RobotStatus.idl
[8.328s] -- Symlinking: /home/asus/nav_2027/rm_nav_v2/install/pb_rm_interfaces/share/pb_rm_interfaces/msg/Gimbal.idl
[8.333s] -- Symlinking: /home/asus/nav_2027/rm_nav_v2/install/pb_rm_interfaces/share/pb_rm_interfaces/msg/GimbalCmd.idl
[8.337s] -- Symlinking: /home/asus/nav_2027/rm_nav_v2/install/pb_rm_interfaces/share/pb_rm_interfaces/msg/Models.idl
[8.342s] -- Symlinking: /home/asus/nav_2027/rm_nav_v2/install/pb_rm_interfaces/share/pb_rm_interfaces/msg/RobotStateInfo.idl
[8.346s] -- Symlinking: /home/asus/nav_2027/rm_nav_v2/install/pb_rm_interfaces/share/pb_rm_interfaces/referee/Buff.msg
[8.351s] -- Symlinking: /home/asus/nav_2027/rm_nav_v2/install/pb_rm_interfaces/share/pb_rm_interfaces/referee/EventData.msg
[8.355s] -- Symlinking: /home/asus/nav_2027/rm_nav_v2/install/pb_rm_interfaces/share/pb_rm_interfaces/referee/GameRobotHP.msg
[8.360s] -- Symlinking: /home/asus/nav_2027/rm_nav_v2/install/pb_rm_interfaces/share/pb_rm_interfaces/referee/GameStatus.msg
[8.364s] -- Symlinking: /home/asus/nav_2027/rm_nav_v2/install/pb_rm_interfaces/share/pb_rm_interfaces/referee/GroundRobotPosition.msg
[8.369s] -- Symlinking: /home/asus/nav_2027/rm_nav_v2/install/pb_rm_interfaces/share/pb_rm_interfaces/referee/RfidStatus.msg
[8.373s] -- Symlinking: /home/asus/nav_2027/rm_nav_v2/install/pb_rm_interfaces/share/pb_rm_interfaces/referee/RobotStatus.msg
[8.378s] -- Symlinking: /home/asus/nav_2027/rm_nav_v2/install/pb_rm_interfaces/share/pb_rm_interfaces/msg/Gimbal.msg
[8.382s] -- Symlinking: /home/asus/nav_2027/rm_nav_v2/install/pb_rm_interfaces/share/pb_rm_interfaces/msg/GimbalCmd.msg
[8.386s] -- Symlinking: /home/asus/nav_2027/rm_nav_v2/install/pb_rm_interfaces/share/pb_rm_interfaces/msg/Models.msg
[8.391s] -- Symlinking: /home/asus/nav_2027/rm_nav_v2/install/pb_rm_interfaces/share/pb_rm_interfaces/msg/RobotStateInfo.msg
[8.395s] -- Symlinking: /home/asus/nav_2027/rm_nav_v2/install/pb_rm_interfaces/share/ament_index/resource_index/package_run_dependencies/pb_rm_interfaces
[8.400s] -- Symlinking: /home/asus/nav_2027/rm_nav_v2/install/pb_rm_interfaces/share/ament_index/resource_index/parent_prefix_path/pb_rm_interfaces
[8.404s] -- Symlinking: /home/asus/nav_2027/rm_nav_v2/install/pb_rm_interfaces/share/pb_rm_interfaces/environment/ament_prefix_path.sh
[8.409s] -- Symlinking: /home/asus/nav_2027/rm_nav_v2/install/pb_rm_interfaces/share/pb_rm_interfaces/environment/ament_prefix_path.dsv
[8.413s] -- Symlinking: /home/asus/nav_2027/rm_nav_v2/install/pb_rm_interfaces/share/pb_rm_interfaces/environment/path.sh
[8.418s] -- Symlinking: /home/asus/nav_2027/rm_nav_v2/install/pb_rm_interfaces/share/pb_rm_interfaces/environment/path.dsv
[8.422s] -- Symlinking: /home/asus/nav_2027/rm_nav_v2/install/pb_rm_interfaces/share/pb_rm_interfaces/local_setup.bash
[8.426s] -- Symlinking: /home/asus/nav_2027/rm_nav_v2/install/pb_rm_interfaces/share/pb_rm_interfaces/local_setup.sh
[8.431s] -- Symlinking: /home/asus/nav_2027/rm_nav_v2/install/pb_rm_interfaces/share/pb_rm_interfaces/local_setup.zsh
[8.435s] -- Symlinking: /home/asus/nav_2027/rm_nav_v2/install/pb_rm_interfaces/share/pb_rm_interfaces/local_setup.dsv
[8.440s] -- Symlinking: /home/asus/nav_2027/rm_nav_v2/install/pb_rm_interfaces/share/pb_rm_interfaces/package.dsv
[8.444s] -- Symlinking: /home/asus/nav_2027/rm_nav_v2/install/pb_rm_interfaces/share/ament_index/resource_index/packages/pb_rm_interfaces
[8.449s] -- Symlinking: /home/asus/nav_2027/rm_nav_v2/install/pb_rm_interfaces/share/pb_rm_interfaces/cmake/rosidl_cmake-extras.cmake
[8.453s] -- Symlinking: /home/asus/nav_2027/rm_nav_v2/install/pb_rm_interfaces/share/pb_rm_interfaces/cmake/ament_cmake_export_dependencies-extras.cmake
[8.458s] -- Symlinking: /home/asus/nav_2027/rm_nav_v2/install/pb_rm_interfaces/share/pb_rm_interfaces/cmake/ament_cmake_export_include_directories-extras.cmake
[8.462s] -- Symlinking: /home/asus/nav_2027/rm_nav_v2/install/pb_rm_interfaces/share/pb_rm_interfaces/cmake/ament_cmake_export_libraries-extras.cmake
[8.467s] -- Symlinking: /home/asus/nav_2027/rm_nav_v2/install/pb_rm_interfaces/share/pb_rm_interfaces/cmake/ament_cmake_export_targets-extras.cmake
[8.471s] -- Symlinking: /home/asus/nav_2027/rm_nav_v2/install/pb_rm_interfaces/share/pb_rm_interfaces/cmake/rosidl_cmake_export_typesupport_targets-extras.cmake
[8.476s] -- Symlinking: /home/asus/nav_2027/rm_nav_v2/install/pb_rm_interfaces/share/pb_rm_interfaces/cmake/rosidl_cmake_export_typesupport_libraries-extras.cmake
[8.481s] -- Symlinking: /home/asus/nav_2027/rm_nav_v2/install/pb_rm_interfaces/share/pb_rm_interfaces/cmake/rosidl_cmake_aggregate_target-extras.cmake
[8.485s] -- Symlinking: /home/asus/nav_2027/rm_nav_v2/install/pb_rm_interfaces/share/pb_rm_interfaces/cmake/pb_rm_interfacesConfig.cmake
[8.490s] -- Symlinking: /home/asus/nav_2027/rm_nav_v2/install/pb_rm_interfaces/share/pb_rm_interfaces/cmake/pb_rm_interfacesConfig-version.cmake
[8.494s] -- Symlinking: /home/asus/nav_2027/rm_nav_v2/install/pb_rm_interfaces/share/pb_rm_interfaces/package.xml
[8.499s] -- Installing: /home/asus/nav_2027/rm_nav_v2/install/pb_rm_interfaces/lib/libpb_rm_interfaces__rosidl_generator_c.so
[8.500s] -- Set non-toolchain portion of runtime path of "/home/asus/nav_2027/rm_nav_v2/install/pb_rm_interfaces/lib/libpb_rm_interfaces__rosidl_generator_c.so" to ""
[8.500s] -- Installing: /home/asus/nav_2027/rm_nav_v2/install/pb_rm_interfaces/lib/libpb_rm_interfaces__rosidl_typesupport_fastrtps_c.so
[8.500s] -- Set non-toolchain portion of runtime path of "/home/asus/nav_2027/rm_nav_v2/install/pb_rm_interfaces/lib/libpb_rm_interfaces__rosidl_typesupport_fastrtps_c.so" to ""
[8.500s] -- Installing: /home/asus/nav_2027/rm_nav_v2/install/pb_rm_interfaces/lib/libpb_rm_interfaces__rosidl_typesupport_introspection_c.so
[8.500s] -- Set non-toolchain portion of runtime path of "/home/asus/nav_2027/rm_nav_v2/install/pb_rm_interfaces/lib/libpb_rm_interfaces__rosidl_typesupport_introspection_c.so" to ""
[8.501s] -- Installing: /home/asus/nav_2027/rm_nav_v2/install/pb_rm_interfaces/lib/libpb_rm_interfaces__rosidl_typesupport_c.so
[8.501s] -- Set non-toolchain portion of runtime path of "/home/asus/nav_2027/rm_nav_v2/install/pb_rm_interfaces/lib/libpb_rm_interfaces__rosidl_typesupport_c.so" to ""
[8.501s] -- Installing: /home/asus/nav_2027/rm_nav_v2/install/pb_rm_interfaces/lib/libpb_rm_interfaces__rosidl_typesupport_fastrtps_cpp.so
[8.501s] -- Set non-toolchain portion of runtime path of "/home/asus/nav_2027/rm_nav_v2/install/pb_rm_interfaces/lib/libpb_rm_interfaces__rosidl_typesupport_fastrtps_cpp.so" to ""
[8.501s] -- Installing: /home/asus/nav_2027/rm_nav_v2/install/pb_rm_interfaces/lib/libpb_rm_interfaces__rosidl_typesupport_introspection_cpp.so
[8.501s] -- Set non-toolchain portion of runtime path of "/home/asus/nav_2027/rm_nav_v2/install/pb_rm_interfaces/lib/libpb_rm_interfaces__rosidl_typesupport_introspection_cpp.so" to ""
[8.501s] -- Installing: /home/asus/nav_2027/rm_nav_v2/install/pb_rm_interfaces/lib/libpb_rm_interfaces__rosidl_typesupport_cpp.so
[8.501s] -- Set non-toolchain portion of runtime path of "/home/asus/nav_2027/rm_nav_v2/install/pb_rm_interfaces/lib/libpb_rm_interfaces__rosidl_typesupport_cpp.so" to ""
[8.540s] Listing '/home/asus/nav_2027/rm_nav_v2/install/pb_rm_interfaces/lib/python3.12/site-packages/pb_rm_interfaces'...
[8.540s] Compiling '/home/asus/nav_2027/rm_nav_v2/install/pb_rm_interfaces/lib/python3.12/site-packages/pb_rm_interfaces/__init__.py'...
[8.541s] Listing '/home/asus/nav_2027/rm_nav_v2/install/pb_rm_interfaces/lib/python3.12/site-packages/pb_rm_interfaces/msg'...
[8.541s] Compiling '/home/asus/nav_2027/rm_nav_v2/install/pb_rm_interfaces/lib/python3.12/site-packages/pb_rm_interfaces/msg/__init__.py'...
[8.541s] Compiling '/home/asus/nav_2027/rm_nav_v2/install/pb_rm_interfaces/lib/python3.12/site-packages/pb_rm_interfaces/msg/_buff.py'...
[8.541s] Compiling '/home/asus/nav_2027/rm_nav_v2/install/pb_rm_interfaces/lib/python3.12/site-packages/pb_rm_interfaces/msg/_event_data.py'...
[8.541s] Compiling '/home/asus/nav_2027/rm_nav_v2/install/pb_rm_interfaces/lib/python3.12/site-packages/pb_rm_interfaces/msg/_game_robot_hp.py'...
[8.541s] Compiling '/home/asus/nav_2027/rm_nav_v2/install/pb_rm_interfaces/lib/python3.12/site-packages/pb_rm_interfaces/msg/_game_status.py'...
[8.541s] Compiling '/home/asus/nav_2027/rm_nav_v2/install/pb_rm_interfaces/lib/python3.12/site-packages/pb_rm_interfaces/msg/_gimbal.py'...
[8.541s] Compiling '/home/asus/nav_2027/rm_nav_v2/install/pb_rm_interfaces/lib/python3.12/site-packages/pb_rm_interfaces/msg/_gimbal_cmd.py'...
[8.541s] Compiling '/home/asus/nav_2027/rm_nav_v2/install/pb_rm_interfaces/lib/python3.12/site-packages/pb_rm_interfaces/msg/_ground_robot_position.py'...
[8.541s] Compiling '/home/asus/nav_2027/rm_nav_v2/install/pb_rm_interfaces/lib/python3.12/site-packages/pb_rm_interfaces/msg/_models.py'...
[8.541s] Compiling '/home/asus/nav_2027/rm_nav_v2/install/pb_rm_interfaces/lib/python3.12/site-packages/pb_rm_interfaces/msg/_rfid_status.py'...
[8.541s] Compiling '/home/asus/nav_2027/rm_nav_v2/install/pb_rm_interfaces/lib/python3.12/site-packages/pb_rm_interfaces/msg/_robot_state_info.py'...
[8.541s] Compiling '/home/asus/nav_2027/rm_nav_v2/install/pb_rm_interfaces/lib/python3.12/site-packages/pb_rm_interfaces/msg/_robot_status.py'...
[8.544s] -- Installing: /home/asus/nav_2027/rm_nav_v2/install/pb_rm_interfaces/lib/libpb_rm_interfaces__rosidl_generator_py.so
[8.544s] -- Set non-toolchain portion of runtime path of "/home/asus/nav_2027/rm_nav_v2/install/pb_rm_interfaces/lib/libpb_rm_interfaces__rosidl_generator_py.so" to ""
[8.545s] -- Installing: /home/asus/nav_2027/rm_nav_v2/install/pb_rm_interfaces/share/pb_rm_interfaces/cmake/export_pb_rm_interfaces__rosidl_generator_cExport.cmake
[8.545s] -- Installing: /home/asus/nav_2027/rm_nav_v2/install/pb_rm_interfaces/share/pb_rm_interfaces/cmake/export_pb_rm_interfaces__rosidl_generator_cExport-noconfig.cmake
[8.545s] -- Installing: /home/asus/nav_2027/rm_nav_v2/install/pb_rm_interfaces/share/pb_rm_interfaces/cmake/export_pb_rm_interfaces__rosidl_typesupport_fastrtps_cExport.cmake
[8.545s] -- Installing: /home/asus/nav_2027/rm_nav_v2/install/pb_rm_interfaces/share/pb_rm_interfaces/cmake/export_pb_rm_interfaces__rosidl_typesupport_fastrtps_cExport-noconfig.cmake
[8.545s] -- Installing: /home/asus/nav_2027/rm_nav_v2/install/pb_rm_interfaces/share/pb_rm_interfaces/cmake/pb_rm_interfaces__rosidl_typesupport_introspection_cExport.cmake
[8.545s] -- Installing: /home/asus/nav_2027/rm_nav_v2/install/pb_rm_interfaces/share/pb_rm_interfaces/cmake/pb_rm_interfaces__rosidl_typesupport_introspection_cExport-noconfig.cmake
[8.546s] -- Installing: /home/asus/nav_2027/rm_nav_v2/install/pb_rm_interfaces/share/pb_rm_interfaces/cmake/pb_rm_interfaces__rosidl_typesupport_cExport.cmake
[8.546s] -- Installing: /home/asus/nav_2027/rm_nav_v2/install/pb_rm_interfaces/share/pb_rm_interfaces/cmake/pb_rm_interfaces__rosidl_typesupport_cExport-noconfig.cmake
[8.546s] -- Installing: /home/asus/nav_2027/rm_nav_v2/install/pb_rm_interfaces/share/pb_rm_interfaces/cmake/export_pb_rm_interfaces__rosidl_generator_cppExport.cmake
[8.546s] -- Installing: /home/asus/nav_2027/rm_nav_v2/install/pb_rm_interfaces/share/pb_rm_interfaces/cmake/export_pb_rm_interfaces__rosidl_typesupport_fastrtps_cppExport.cmake
[8.546s] -- Installing: /home/asus/nav_2027/rm_nav_v2/install/pb_rm_interfaces/share/pb_rm_interfaces/cmake/export_pb_rm_interfaces__rosidl_typesupport_fastrtps_cppExport-noconfig.cmake
[8.546s] -- Installing: /home/asus/nav_2027/rm_nav_v2/install/pb_rm_interfaces/share/pb_rm_interfaces/cmake/pb_rm_interfaces__rosidl_typesupport_introspection_cppExport.cmake
[8.546s] -- Installing: /home/asus/nav_2027/rm_nav_v2/install/pb_rm_interfaces/share/pb_rm_interfaces/cmake/pb_rm_interfaces__rosidl_typesupport_introspection_cppExport-noconfig.cmake
[8.546s] -- Installing: /home/asus/nav_2027/rm_nav_v2/install/pb_rm_interfaces/share/pb_rm_interfaces/cmake/pb_rm_interfaces__rosidl_typesupport_cppExport.cmake
[8.546s] -- Installing: /home/asus/nav_2027/rm_nav_v2/install/pb_rm_interfaces/share/pb_rm_interfaces/cmake/pb_rm_interfaces__rosidl_typesupport_cppExport-noconfig.cmake
[8.546s] -- Installing: /home/asus/nav_2027/rm_nav_v2/install/pb_rm_interfaces/share/pb_rm_interfaces/cmake/export_pb_rm_interfaces__rosidl_generator_pyExport.cmake
[8.546s] -- Installing: /home/asus/nav_2027/rm_nav_v2/install/pb_rm_interfaces/share/pb_rm_interfaces/cmake/export_pb_rm_interfaces__rosidl_generator_pyExport-noconfig.cmake
[8.547s] Invoked command in '/home/asus/nav_2027/rm_nav_v2/build/pb_rm_interfaces' returned '0': CMAKE_PREFIX_PATH=${CMAKE_PREFIX_PATH}:/opt/ros/jazzy /usr/bin/cmake --install /home/asus/nav_2027/rm_nav_v2/build/pb_rm_interfaces
